[0.005s][info][gc] Using Parallel
[2.526s][info][gc] GC(0) Pause Young (Allocation Failure) 4M->2M(15M) 2.039ms
[2.577s][info][gc] GC(1) Pause Young (Allocation Failure) 6M->2M(15M) 1.156ms
[2.618s][info][gc] GC(2) Pause Young (Allocation Failure) 6M->3M(15M) 1.766ms
[3.398s][info][gc] GC(3) Pause Young (Allocation Failure) 7M->4M(15M) 1.276ms
[3.524s][info][gc] GC(4) Pause Young (Allocation Failure) 8M->5M(15M) 1.908ms
[9.531s][info][gc] GC(5) Pause Young (Allocation Failure) 9M->5M(13M) 1.140ms
[13.644s][info][gc] GC(6) Pause Young (Allocation Failure) 7M->5M(14M) 1.156ms
[14.656s][info][gc] GC(7) Pause Young (Allocation Failure) 7M->5M(14M) 0.509ms
[15.529s][info][gc] GC(8) Pause Young (Allocation Failure) 7M->5M(14M) 0.486ms
[16.432s][info][gc] GC(9) Pause Young (Allocation Failure) 7M->5M(14M) 0.248ms
[17.228s][info][gc] GC(10) Pause Young (Allocation Failure) 7M->5M(14M) 0.209ms
[18.025s][info][gc] GC(11) Pause Young (Allocation Failure) 7M->5M(14M) 0.215ms
[18.929s][info][gc] GC(12) Pause Young (Allocation Failure) 7M->5M(14M) 0.218ms
[19.725s][info][gc] GC(13) Pause Young (Allocation Failure) 7M->5M(14M) 0.225ms
[20.631s][info][gc] GC(14) Pause Young (Allocation Failure) 7M->5M(14M) 0.204ms
[21.535s][info][gc] GC(15) Pause Young (Allocation Failure) 7M->5M(14M) 0.232ms
[22.328s][info][gc] GC(16) Pause Young (Allocation Failure) 7M->5M(14M) 0.226ms
[23.232s][info][gc] GC(17) Pause Young (Allocation Failure) 7M->5M(14M) 0.187ms
[24.027s][info][gc] GC(18) Pause Young (Allocation Failure) 7M->5M(14M) 0.201ms
[24.934s][info][gc] GC(19) Pause Young (Allocation Failure) 7M->5M(14M) 0.210ms
[25.823s][info][gc] GC(20) Pause Young (Allocation Failure) 7M->5M(14M) 0.216ms
[26.726s][info][gc] GC(21) Pause Young (Allocation Failure) 7M->5M(14M) 0.171ms
[27.523s][info][gc] GC(22) Pause Young (Allocation Failure) 7M->5M(14M) 0.218ms
[28.428s][info][gc] GC(23) Pause Young (Allocation Failure) 7M->5M(14M) 0.222ms
[29.331s][info][gc] GC(24) Pause Young (Allocation Failure) 7M->5M(14M) 0.196ms
[30.123s][info][gc] GC(25) Pause Young (Allocation Failure) 7M->5M(14M) 0.243ms
[31.030s][info][gc] GC(26) Pause Young (Allocation Failure) 7M->5M(14M) 0.203ms
[31.934s][info][gc] GC(27) Pause Young (Allocation Failure) 7M->5M(14M) 0.214ms
[32.824s][info][gc] GC(28) Pause Young (Allocation Failure) 7M->5M(14M) 0.206ms
[33.625s][info][gc] GC(29) Pause Young (Allocation Failure) 7M->5M(15M) 0.244ms
[34.730s][info][gc] GC(30) Pause Young (Allocation Failure) 8M->5M(14M) 0.251ms
[35.824s][info][gc] GC(31) Pause Young (Allocation Failure) 8M->5M(14M) 0.206ms
[36.931s][info][gc] GC(32) Pause Young (Allocation Failure) 8M->5M(14M) 0.191ms
[38.024s][info][gc] GC(33) Pause Young (Allocation Failure) 8M->5M(14M) 0.204ms
[39.130s][info][gc] GC(34) Pause Young (Allocation Failure) 8M->5M(14M) 0.203ms
[40.134s][info][gc] GC(35) Pause Young (Allocation Failure) 8M->5M(14M) 0.197ms
[41.226s][info][gc] GC(36) Pause Young (Allocation Failure) 8M->5M(14M) 0.195ms
[42.328s][info][gc] GC(37) Pause Young (Allocation Failure) 8M->5M(14M) 0.233ms
[43.434s][info][gc] GC(38) Pause Young (Allocation Failure) 8M->5M(14M) 0.206ms
[44.525s][info][gc] GC(39) Pause Young (Allocation Failure) 8M->5M(15M) 0.229ms
[46.036s][info][gc] GC(40) Pause Young (Allocation Failure) 9M->5M(15M) 0.219ms
[47.624s][info][gc] GC(41) Pause Young (Allocation Failure) 9M->5M(15M) 0.194ms
[49.134s][info][gc] GC(42) Pause Young (Allocation Failure) 9M->5M(15M) 0.237ms
[50.724s][info][gc] GC(43) Pause Young (Allocation Failure) 9M->5M(15M) 0.212ms
[52.224s][info][gc] GC(44) Pause Young (Allocation Failure) 9M->5M(15M) 0.211ms
[53.829s][info][gc] GC(45) Pause Young (Allocation Failure) 9M->5M(15M) 0.243ms
[55.324s][info][gc] GC(46) Pause Young (Allocation Failure) 9M->5M(15M) 0.181ms
[56.831s][info][gc] GC(47) Pause Young (Allocation Failure) 9M->6M(15M) 0.230ms
[58.425s][info][gc] GC(48) Pause Young (Allocation Failure) 9M->5M(15M) 0.207ms
[59.929s][info][gc] GC(49) Pause Young (Allocation Failure) 9M->6M(15M) 0.231ms
[61.429s][info][gc] GC(50) Pause Young (Allocation Failure) 9M->6M(15M) 0.223ms
[65.166s][info][gc] GC(51) Pause Young (Allocation Failure) 9M->5M(15M) 0.208ms
[95.528s][info][gc] GC(52) Pause Young (Allocation Failure) 9M->5M(15M) 0.229ms
[126.832s][info][gc] GC(53) Pause Young (Allocation Failure) 9M->6M(15M) 0.282ms
[157.114s][info][gc] GC(54) Pause Young (Allocation Failure) 9M->6M(15M) 0.201ms
[188.369s][info][gc] GC(55) Pause Young (Allocation Failure) 9M->6M(15M) 0.229ms
[219.679s][info][gc] GC(56) Pause Young (Allocation Failure) 9M->6M(15M) 0.217ms
[250.897s][info][gc] GC(57) Pause Young (Allocation Failure) 9M->6M(15M) 0.188ms
[281.229s][info][gc] GC(58) Pause Young (Allocation Failure) 9M->6M(15M) 0.192ms
[312.558s][info][gc] GC(59) Pause Young (Allocation Failure) 9M->6M(15M) 0.213ms
[343.849s][info][gc] GC(60) Pause Young (Allocation Failure) 9M->6M(15M) 0.217ms
[375.143s][info][gc] GC(61) Pause Young (Allocation Failure) 9M->6M(15M) 0.210ms
[407.413s][info][gc] GC(62) Pause Young (Allocation Failure) 9M->6M(15M) 0.218ms
[439.618s][info][gc] GC(63) Pause Young (Allocation Failure) 9M->6M(15M) 0.172ms
[471.927s][info][gc] GC(64) Pause Young (Allocation Failure) 9M->6M(15M) 0.205ms
[494.126s][info][gc] GC(65) Pause Young (Allocation Failure) 9M->7M(15M) 0.492ms
[526.424s][info][gc] GC(66) Pause Young (Allocation Failure) 10M->7M(15M) 0.200ms
[558.745s][info][gc] GC(67) Pause Young (Allocation Failure) 10M->7M(15M) 0.197ms
[591.024s][info][gc] GC(68) Pause Young (Allocation Failure) 10M->7M(15M) 0.207ms
[623.353s][info][gc] GC(69) Pause Young (Allocation Failure) 10M->7M(15M) 0.190ms
[656.488s][info][gc] GC(70) Pause Young (Allocation Failure) 10M->7M(15M) 0.196ms
[688.948s][info][gc] GC(71) Pause Young (Allocation Failure) 10M->7M(15M) 0.202ms
[721.207s][info][gc] GC(72) Pause Young (Allocation Failure) 10M->7M(15M) 0.180ms
[754.513s][info][gc] GC(73) Pause Young (Allocation Failure) 10M->7M(15M) 0.175ms
[786.759s][info][gc] GC(74) Pause Young (Allocation Failure) 10M->7M(15M) 0.180ms
[794.685s][info][gc] GC(75) Pause Young (Allocation Failure) 10M->8M(15M) 0.425ms
[794.695s][info][gc] GC(76) Pause Young (Allocation Failure) 11M->8M(15M) 0.144ms
[794.703s][info][gc] GC(77) Pause Young (Allocation Failure) 11M->8M(15M) 0.111ms
[794.706s][info][gc] GC(78) Pause Young (Allocation Failure) 11M->8M(15M) 0.176ms
[794.710s][info][gc] GC(79) Pause Young (Allocation Failure) 12M->8M(15M) 0.202ms
[794.713s][info][gc] GC(80) Pause Young (Allocation Failure) 12M->9M(15M) 0.103ms
[794.717s][info][gc] GC(81) Pause Young (Allocation Failure) 13M->9M(15M) 0.166ms
[799.893s][info][gc] GC(82) Pause Young (Allocation Failure) 13M->9M(15M) 0.175ms
[807.794s][info][gc] GC(83) Pause Young (Allocation Failure) 13M->9M(15M) 0.203ms
[809.893s][info][gc] GC(84) Pause Young (Allocation Failure) 13M->9M(15M) 0.182ms
[811.953s][info][gc] GC(85) Pause Young (Allocation Failure) 13M->9M(15M) 0.175ms
[813.989s][info][gc] GC(86) Pause Young (Allocation Failure) 13M->9M(15M) 0.204ms
[816.102s][info][gc] GC(87) Pause Young (Allocation Failure) 13M->9M(15M) 0.196ms
[817.990s][info][gc] GC(88) Pause Young (Allocation Failure) 13M->9M(15M) 0.311ms
[819.695s][info][gc] GC(89) Pause Young (Allocation Failure) 13M->9M(15M) 0.265ms
[821.490s][info][gc] GC(90) Pause Young (Allocation Failure) 13M->9M(15M) 0.202ms
[823.190s][info][gc] GC(91) Pause Young (Allocation Failure) 13M->9M(15M) 0.214ms
[824.996s][info][gc] GC(92) Pause Young (Allocation Failure) 13M->9M(15M) 0.237ms
[826.802s][info][gc] GC(93) Pause Young (Allocation Failure) 13M->9M(15M) 0.201ms
[828.489s][info][gc] GC(94) Pause Young (Allocation Failure) 13M->9M(15M) 0.243ms
[830.299s][info][gc] GC(95) Pause Young (Allocation Failure) 13M->9M(15M) 0.207ms
[832.102s][info][gc] GC(96) Pause Young (Allocation Failure) 13M->9M(15M) 0.194ms
[833.801s][info][gc] GC(97) Pause Young (Allocation Failure) 13M->9M(15M) 0.214ms
[835.589s][info][gc] GC(98) Pause Young (Allocation Failure) 13M->9M(15M) 0.234ms
[837.300s][info][gc] GC(99) Pause Young (Allocation Failure) 13M->9M(15M) 0.211ms
[839.093s][info][gc] GC(100) Pause Young (Allocation Failure) 13M->9M(15M) 0.184ms
[840.890s][info][gc] GC(101) Pause Young (Allocation Failure) 13M->9M(15M) 0.198ms
[842.592s][info][gc] GC(102) Pause Young (Allocation Failure) 13M->9M(15M) 0.232ms
[844.402s][info][gc] GC(103) Pause Young (Allocation Failure) 13M->9M(15M) 0.206ms
[846.195s][info][gc] GC(104) Pause Young (Allocation Failure) 13M->9M(15M) 0.215ms
[848.000s][info][gc] GC(105) Pause Young (Allocation Failure) 13M->9M(15M) 0.184ms
[849.704s][info][gc] GC(106) Pause Young (Allocation Failure) 13M->9M(15M) 0.202ms
[851.495s][info][gc] GC(107) Pause Young (Allocation Failure) 13M->9M(15M) 0.205ms
[853.200s][info][gc] GC(108) Pause Young (Allocation Failure) 13M->9M(15M) 0.256ms
[854.991s][info][gc] GC(109) Pause Young (Allocation Failure) 13M->9M(15M) 0.217ms
[856.802s][info][gc] GC(110) Pause Young (Allocation Failure) 13M->9M(15M) 0.234ms
[858.502s][info][gc] GC(111) Pause Young (Allocation Failure) 13M->9M(15M) 0.218ms
[892.470s][info][gc] GC(112) Pause Young (Allocation Failure) 13M->9M(15M) 0.192ms
[921.039s][info][gc] GC(113) Pause Young (Allocation Failure) 12M->9M(15M) 0.218ms
[949.099s][info][gc] GC(114) Pause Young (Allocation Failure) 13M->10M(15M) 0.389ms
[986.394s][info][gc] GC(115) Pause Young (Allocation Failure) 14M->10M(15M) 0.230ms
[1014.625s][info][gc] GC(116) Pause Young (Allocation Failure) 14M->10M(15M) 0.183ms
[1053.003s][info][gc] GC(117) Pause Young (Allocation Failure) 14M->10M(15M) 0.203ms
[1091.180s][info][gc] GC(118) Pause Young (Allocation Failure) 14M->10M(15M) 0.200ms
[1128.648s][info][gc] GC(119) Pause Young (Allocation Failure) 14M->10M(15M) 0.212ms
[1167.017s][info][gc] GC(120) Pause Young (Allocation Failure) 14M->10M(15M) 0.221ms
[1204.322s][info][gc] GC(121) Pause Young (Allocation Failure) 14M->10M(15M) 0.208ms
[1242.660s][info][gc] GC(122) Pause Young (Allocation Failure) 14M->10M(15M) 0.232ms
[1251.375s][info][gc] GC(123) Pause Young (System.gc()) 11M->10M(15M) 0.213ms
[1251.387s][info][gc] GC(124) Pause Full (System.gc()) 10M->4M(15M) 12.393ms
