[0.013s][info][gc] Using The Z Garbage Collector
[0.180s][info][gc] GC(0) Garbage Collection (Warmup) 4M(25%)->2M(12%)
[1.074s][info][gc] GC(1) Garbage Collection (Warmup) 4M(25%)->4M(25%)
[3.471s][info][gc] GC(2) Garbage Collection (Warmup) 12M(75%)->6M(38%)
[3.568s][info][gc] GC(3) Garbage Collection (Allocation Rate) 14M(88%)->6M(38%)
[3.680s][info][gc] GC(4) Garbage Collection (Allocation Rate) 10M(62%)->8M(50%)
[3.775s][info][gc] GC(5) Garbage Collection (Allocation Rate) 10M(62%)->8M(50%)
[3.868s][info][gc] GC(6) Garbage Collection (Allocation Rate) 10M(62%)->8M(50%)
[3.974s][info][gc] GC(7) Garbage Collection (Allocation Rate) 10M(62%)->8M(50%)
[4.067s][info][gc] GC(8) Garbage Collection (Allocation Rate) 10M(62%)->8M(50%)
[4.176s][info][gc] GC(9) Garbage Collection (Allocation Rate) 10M(62%)->8M(50%)
[4.270s][info][gc] GC(10) Garbage Collection (Allocation Rate) 10M(62%)->8M(50%)
[4.380s][info][gc] GC(11) Garbage Collection (Allocation Rate) 10M(62%)->8M(50%)
[4.474s][info][gc] GC(12) Garbage Collection (Allocation Rate) 10M(62%)->8M(50%)
[4.568s][info][gc] GC(13) Garbage Collection (Allocation Rate) 10M(62%)->8M(50%)
[4.677s][info][gc] GC(14) Garbage Collection (Allocation Rate) 10M(62%)->8M(50%)
[4.771s][info][gc] GC(15) Garbage Collection (Allocation Rate) 10M(62%)->8M(50%)
[4.880s][info][gc] GC(16) Garbage Collection (Allocation Rate) 10M(62%)->10M(62%)
[4.966s][info][gc] GC(17) Garbage Collection (Allocation Rate) 10M(62%)->8M(50%)
[5.065s][info][gc] GC(18) Garbage Collection (Allocation Rate) 10M(62%)->10M(62%)
[5.166s][info][gc] GC(19) Garbage Collection (Allocation Rate) 10M(62%)->10M(62%)
[5.265s][info][gc] GC(20) Garbage Collection (Allocation Rate) 10M(62%)->10M(62%)
[5.365s][info][gc] GC(21) Garbage Collection (Allocation Rate) 10M(62%)->10M(62%)
[6.073s][info][gc] GC(22) Garbage Collection (Allocation Rate) 10M(62%)->8M(50%)
[6.181s][info][gc] GC(23) Garbage Collection (Allocation Rate) 10M(62%)->8M(50%)
[6.286s][info][gc] GC(24) Garbage Collection (Allocation Rate) 10M(62%)->10M(62%)
[6.372s][info][gc] GC(25) Garbage Collection (Allocation Rate) 10M(62%)->8M(50%)
[7.677s][info][gc] GC(26) Garbage Collection (Proactive) 10M(62%)->8M(50%)
[8.774s][info][gc] GC(27) Garbage Collection (Proactive) 10M(62%)->8M(50%)
[9.680s][info][gc] GC(28) Garbage Collection (Proactive) 10M(62%)->8M(50%)
[10.369s][info][gc] GC(29) Garbage Collection (Proactive) 10M(62%)->8M(50%)
[10.977s][info][gc] GC(30) Garbage Collection (Proactive) 10M(62%)->10M(62%)
[12.273s][info][gc] GC(31) Garbage Collection (Proactive) 12M(75%)->6M(38%)
[12.976s][info][gc] GC(32) Garbage Collection (Proactive) 8M(50%)->6M(38%)
[13.678s][info][gc] GC(33) Garbage Collection (Proactive) 8M(50%)->6M(38%)
[14.267s][info][gc] GC(34) Garbage Collection (Proactive) 8M(50%)->8M(50%)
[14.770s][info][gc] GC(35) Garbage Collection (Proactive) 10M(62%)->6M(38%)
[15.379s][info][gc] GC(36) Garbage Collection (Proactive) 8M(50%)->6M(38%)
[16.080s][info][gc] GC(37) Garbage Collection (Proactive) 8M(50%)->6M(38%)
[16.778s][info][gc] GC(38) Garbage Collection (Proactive) 8M(50%)->8M(50%)
[17.372s][info][gc] GC(39) Garbage Collection (Proactive) 10M(62%)->6M(38%)
[17.981s][info][gc] GC(40) Garbage Collection (Proactive) 8M(50%)->6M(38%)
[18.667s][info][gc] GC(41) Garbage Collection (Proactive) 8M(50%)->6M(38%)
[19.275s][info][gc] GC(42) Garbage Collection (Proactive) 8M(50%)->8M(50%)
[19.977s][info][gc] GC(43) Garbage Collection (Proactive) 10M(62%)->8M(50%)
[20.976s][info][gc] GC(44) Garbage Collection (Proactive) 10M(62%)->8M(50%)
[21.971s][info][gc] GC(45) Garbage Collection (Proactive) 10M(62%)->8M(50%)
[22.970s][info][gc] GC(46) Garbage Collection (Proactive) 10M(62%)->8M(50%)
[23.971s][info][gc] GC(47) Garbage Collection (Proactive) 10M(62%)->8M(50%)
[25.081s][info][gc] GC(48) Garbage Collection (Proactive) 10M(62%)->8M(50%)
[26.075s][info][gc] GC(49) Garbage Collection (Proactive) 10M(62%)->8M(50%)
[27.072s][info][gc] GC(50) Garbage Collection (Proactive) 10M(62%)->8M(50%)
[28.069s][info][gc] GC(51) Garbage Collection (Proactive) 10M(62%)->8M(50%)
[29.068s][info][gc] GC(52) Garbage Collection (Proactive) 10M(62%)->8M(50%)
[29.979s][info][gc] GC(53) Garbage Collection (Proactive) 10M(62%)->8M(50%)
[30.466s][info][gc] GC(54) Garbage Collection (Proactive) 10M(62%)->8M(50%)
[31.077s][info][gc] GC(55) Garbage Collection (Proactive) 10M(62%)->8M(50%)
[31.674s][info][gc] GC(56) Garbage Collection (Proactive) 12M(75%)->12M(75%)
[31.768s][info][gc] GC(57) Garbage Collection (Allocation Rate) 12M(75%)->10M(62%)
[32.065s][info][gc] GC(58) Garbage Collection (Allocation Rate) 12M(75%)->10M(62%)
[33.081s][info][gc] GC(59) Garbage Collection (Allocation Rate) 12M(75%)->10M(62%)
[34.066s][info][gc] GC(60) Garbage Collection (Proactive) 12M(75%)->10M(62%)
[35.073s][info][gc] GC(61) Garbage Collection (Proactive) 12M(75%)->10M(62%)
[36.073s][info][gc] GC(62) Garbage Collection (Proactive) 12M(75%)->10M(62%)
[37.070s][info][gc] GC(63) Garbage Collection (Proactive) 12M(75%)->12M(75%)
[47.511s][info][gc] Allocation Stall (main) 12.498ms
[47.512s][info][gc] GC(64) Garbage Collection (Allocation Stall) 16M(100%)->12M(75%)
[47.538s][info][gc] Allocation Stall (main) 10.586ms
[47.538s][info][gc] GC(65) Garbage Collection (Allocation Stall) 16M(100%)->14M(88%)
[47.550s][info][gc] Allocation Stall (main) 8.459ms
[47.550s][info][gc] GC(66) Garbage Collection (Allocation Stall) 16M(100%)->14M(88%)
[47.561s][info][gc] Allocation Stall (main) 7.954ms
[47.562s][info][gc] GC(67) Garbage Collection (Allocation Stall) 16M(100%)->14M(88%)
[47.572s][info][gc] Allocation Stall (main) 8.418ms
[47.573s][info][gc] GC(68) Garbage Collection (Allocation Stall) 16M(100%)->14M(88%)
[47.583s][info][gc] GC(69) Garbage Collection (Allocation Stall) 16M(100%)->16M(100%)
[47.583s][info][gc] Allocation Stall (main) 8.050ms
[47.592s][info][gc] Allocation Stall (main) 7.245ms
[47.592s][info][gc] GC(70) Garbage Collection (Allocation Stall) 16M(100%)->16M(100%)
[47.600s][info][gc] GC(71) Garbage Collection (Allocation Stall) 16M(100%)->16M(100%)
[47.600s][info][gc] Allocation Stall (main) 7.140ms
[47.608s][info][gc] Allocation Stall (main) 6.974ms
[47.608s][info][gc] GC(72) Garbage Collection (Allocation Stall) 16M(100%)->16M(100%)
[47.617s][info][gc] Allocation Stall (main) 7.423ms
[47.617s][info][gc] GC(73) Garbage Collection (Allocation Stall) 16M(100%)->10M(62%)
[47.676s][info][gc] GC(74) Garbage Collection (Allocation Rate) 10M(62%)->8M(50%)
[47.773s][info][gc] GC(75) Garbage Collection (Allocation Rate) 8M(50%)->8M(50%)
[47.880s][info][gc] GC(76) Garbage Collection (Allocation Rate) 8M(50%)->8M(50%)
[47.973s][info][gc] GC(77) Garbage Collection (Allocation Rate) 8M(50%)->8M(50%)
[48.066s][info][gc] GC(78) Garbage Collection (Allocation Rate) 8M(50%)->8M(50%)
[48.177s][info][gc] GC(79) Garbage Collection (Allocation Rate) 10M(62%)->8M(50%)
[48.270s][info][gc] GC(80) Garbage Collection (Allocation Rate) 8M(50%)->8M(50%)
[48.378s][info][gc] GC(81) Garbage Collection (Allocation Rate) 8M(50%)->8M(50%)
[48.470s][info][gc] GC(82) Garbage Collection (Allocation Rate) 8M(50%)->8M(50%)
[48.577s][info][gc] GC(83) Garbage Collection (Allocation Rate) 8M(50%)->8M(50%)
[48.672s][info][gc] GC(84) Garbage Collection (Allocation Rate) 8M(50%)->8M(50%)
[48.766s][info][gc] GC(85) Garbage Collection (Allocation Rate) 8M(50%)->8M(50%)
[48.875s][info][gc] GC(86) Garbage Collection (Allocation Rate) 10M(62%)->10M(62%)
[48.969s][info][gc] GC(87) Garbage Collection (Allocation Rate) 10M(62%)->10M(62%)
[49.079s][info][gc] GC(88) Garbage Collection (Allocation Rate) 10M(62%)->10M(62%)
[49.173s][info][gc] GC(89) Garbage Collection (Allocation Rate) 12M(75%)->12M(75%)
[49.267s][info][gc] GC(90) Garbage Collection (Allocation Rate) 12M(75%)->10M(62%)
[49.375s][info][gc] GC(91) Garbage Collection (Allocation Rate) 10M(62%)->10M(62%)
[50.280s][info][gc] GC(92) Garbage Collection (Proactive) 12M(75%)->10M(62%)
[51.266s][info][gc] GC(93) Garbage Collection (Proactive) 12M(75%)->10M(62%)
[52.278s][info][gc] GC(94) Garbage Collection (Proactive) 12M(75%)->10M(62%)
[53.267s][info][gc] GC(95) Garbage Collection (Proactive) 12M(75%)->10M(62%)
[54.281s][info][gc] GC(96) Garbage Collection (Proactive) 12M(75%)->10M(62%)
[54.578s][info][gc] GC(97) Garbage Collection (Allocation Rate) 14M(88%)->10M(62%)
[55.276s][info][gc] GC(98) Garbage Collection (Proactive) 12M(75%)->10M(62%)
[56.274s][info][gc] GC(99) Garbage Collection (Proactive) 12M(75%)->10M(62%)
[57.271s][info][gc] GC(100) Garbage Collection (Proactive) 12M(75%)->12M(75%)
[66.381s][info][gc] GC(101) Garbage Collection (Allocation Rate) 14M(88%)->10M(62%)
[67.378s][info][gc] GC(102) Garbage Collection (Proactive) 12M(75%)->10M(62%)
[68.379s][info][gc] GC(103) Garbage Collection (Proactive) 12M(75%)->12M(75%)
[69.368s][info][gc] GC(104) Garbage Collection (Allocation Rate) 14M(88%)->12M(75%)
[70.368s][info][gc] GC(105) Garbage Collection (Allocation Rate) 14M(88%)->14M(88%)
[70.479s][info][gc] GC(106) Garbage Collection (Allocation Rate) 14M(88%)->12M(75%)
[71.372s][info][gc] GC(107) Garbage Collection (Allocation Rate) 14M(88%)->14M(88%)
[71.466s][info][gc] GC(108) Garbage Collection (Allocation Rate) 14M(88%)->12M(75%)
[72.366s][info][gc] GC(109) Garbage Collection (Allocation Rate) 14M(88%)->12M(75%)
[72.471s][info][gc] GC(110) Garbage Collection (Allocation Rate) 14M(88%)->12M(75%)
[73.380s][info][gc] GC(111) Garbage Collection (Allocation Rate) 14M(88%)->14M(88%)
[73.475s][info][gc] GC(112) Garbage Collection (Allocation Rate) 14M(88%)->12M(75%)
[74.478s][info][gc] GC(113) Garbage Collection (Allocation Rate) 14M(88%)->12M(75%)
[75.466s][info][gc] GC(114) Garbage Collection (Allocation Rate) 14M(88%)->12M(75%)
[76.468s][info][gc] GC(115) Garbage Collection (Allocation Rate) 14M(88%)->12M(75%)
[77.470s][info][gc] GC(116) Garbage Collection (Allocation Rate) 14M(88%)->12M(75%)
[78.472s][info][gc] GC(117) Garbage Collection (Allocation Rate) 14M(88%)->12M(75%)
[79.472s][info][gc] GC(118) Garbage Collection (Allocation Rate) 14M(88%)->12M(75%)
[80.470s][info][gc] GC(119) Garbage Collection (Allocation Rate) 14M(88%)->12M(75%)
[81.468s][info][gc] GC(120) Garbage Collection (Allocation Rate) 14M(88%)->12M(75%)
[82.476s][info][gc] GC(121) Garbage Collection (Allocation Rate) 14M(88%)->12M(75%)
[83.475s][info][gc] GC(122) Garbage Collection (Allocation Rate) 14M(88%)->12M(75%)
[84.474s][info][gc] GC(123) Garbage Collection (Allocation Rate) 14M(88%)->12M(75%)
[85.478s][info][gc] GC(124) Garbage Collection (Allocation Rate) 14M(88%)->12M(75%)
[86.466s][info][gc] GC(125) Garbage Collection (Allocation Rate) 14M(88%)->14M(88%)
[86.577s][info][gc] GC(126) Garbage Collection (Allocation Rate) 14M(88%)->12M(75%)
[87.069s][info][gc] GC(127) Garbage Collection (Allocation Rate) 14M(88%)->12M(75%)
[87.577s][info][gc] GC(128) Garbage Collection (Allocation Rate) 14M(88%)->12M(75%)
[88.579s][info][gc] GC(129) Garbage Collection (Allocation Rate) 14M(88%)->12M(75%)
[89.567s][info][gc] GC(130) Garbage Collection (Allocation Rate) 14M(88%)->12M(75%)
[90.569s][info][gc] GC(131) Garbage Collection (Allocation Rate) 14M(88%)->12M(75%)
[91.569s][info][gc] GC(132) Garbage Collection (Allocation Rate) 14M(88%)->12M(75%)
[92.575s][info][gc] GC(133) Garbage Collection (Allocation Rate) 14M(88%)->12M(75%)
[93.578s][info][gc] GC(134) Garbage Collection (Allocation Rate) 14M(88%)->12M(75%)
[93.880s][info][gc] GC(135) Garbage Collection (Allocation Rate) 14M(88%)->12M(75%)
[94.575s][info][gc] GC(136) Garbage Collection (Allocation Rate) 14M(88%)->12M(75%)
[94.876s][info][gc] GC(137) Garbage Collection (Allocation Rate) 14M(88%)->12M(75%)
[94.970s][info][gc] GC(138) Garbage Collection (Allocation Rate) 14M(88%)->12M(75%)
[95.080s][info][gc] GC(139) Garbage Collection (Allocation Rate) 14M(88%)->12M(75%)
[95.174s][info][gc] GC(140) Garbage Collection (Allocation Rate) 14M(88%)->12M(75%)
[95.269s][info][gc] GC(141) Garbage Collection (Allocation Rate) 14M(88%)->12M(75%)
[95.378s][info][gc] GC(142) Garbage Collection (Allocation Rate) 14M(88%)->12M(75%)
[95.474s][info][gc] GC(143) Garbage Collection (Allocation Rate) 14M(88%)->12M(75%)
[95.572s][info][gc] GC(144) Garbage Collection (Allocation Rate) 14M(88%)->10M(62%)
[95.668s][info][gc] GC(145) Garbage Collection (Allocation Rate) 12M(75%)->12M(75%)
[95.778s][info][gc] GC(146) Garbage Collection (Allocation Rate) 14M(88%)->12M(75%)
[95.874s][info][gc] GC(147) Garbage Collection (Allocation Rate) 14M(88%)->12M(75%)
[95.968s][info][gc] GC(148) Garbage Collection (Allocation Rate) 14M(88%)->12M(75%)
[96.080s][info][gc] GC(149) Garbage Collection (Allocation Rate) 14M(88%)->12M(75%)
[96.175s][info][gc] GC(150) Garbage Collection (Allocation Rate) 14M(88%)->12M(75%)
[96.271s][info][gc] GC(151) Garbage Collection (Allocation Rate) 14M(88%)->12M(75%)
[96.367s][info][gc] GC(152) Garbage Collection (Allocation Rate) 14M(88%)->12M(75%)
[96.479s][info][gc] GC(153) Garbage Collection (Allocation Rate) 14M(88%)->12M(75%)
[96.576s][info][gc] GC(154) Garbage Collection (Allocation Rate) 14M(88%)->12M(75%)
[96.671s][info][gc] GC(155) Garbage Collection (Allocation Rate) 14M(88%)->12M(75%)
[96.767s][info][gc] GC(156) Garbage Collection (Allocation Rate) 14M(88%)->12M(75%)
[96.877s][info][gc] GC(157) Garbage Collection (Allocation Rate) 14M(88%)->12M(75%)
[96.973s][info][gc] GC(158) Garbage Collection (Allocation Rate) 14M(88%)->12M(75%)
[97.069s][info][gc] GC(159) Garbage Collection (Allocation Rate) 14M(88%)->12M(75%)
[97.178s][info][gc] GC(160) Garbage Collection (Allocation Rate) 14M(88%)->12M(75%)
[97.273s][info][gc] GC(161) Garbage Collection (Allocation Rate) 14M(88%)->12M(75%)
[97.369s][info][gc] GC(162) Garbage Collection (Allocation Rate) 14M(88%)->12M(75%)
[97.464s][info][gc] GC(163) Garbage Collection (Allocation Rate) 14M(88%)->12M(75%)
[97.577s][info][gc] GC(164) Garbage Collection (Allocation Rate) 14M(88%)->12M(75%)
[97.671s][info][gc] GC(165) Garbage Collection (Allocation Rate) 14M(88%)->12M(75%)
[97.767s][info][gc] GC(166) Garbage Collection (Allocation Rate) 14M(88%)->12M(75%)
[97.879s][info][gc] GC(167) Garbage Collection (Allocation Rate) 14M(88%)->12M(75%)
[97.976s][info][gc] GC(168) Garbage Collection (Allocation Rate) 14M(88%)->12M(75%)
[98.071s][info][gc] GC(169) Garbage Collection (Allocation Rate) 14M(88%)->12M(75%)
[98.166s][info][gc] GC(170) Garbage Collection (Allocation Rate) 14M(88%)->12M(75%)
[98.277s][info][gc] GC(171) Garbage Collection (Allocation Rate) 14M(88%)->12M(75%)
[98.373s][info][gc] GC(172) Garbage Collection (Allocation Rate) 14M(88%)->12M(75%)
[98.469s][info][gc] GC(173) Garbage Collection (Allocation Rate) 14M(88%)->12M(75%)
[98.565s][info][gc] GC(174) Garbage Collection (Allocation Rate) 14M(88%)->12M(75%)
[98.675s][info][gc] GC(175) Garbage Collection (Allocation Rate) 14M(88%)->12M(75%)
[98.772s][info][gc] GC(176) Garbage Collection (Allocation Rate) 14M(88%)->12M(75%)
[98.868s][info][gc] GC(177) Garbage Collection (Allocation Rate) 14M(88%)->12M(75%)
[98.980s][info][gc] GC(178) Garbage Collection (Allocation Rate) 14M(88%)->12M(75%)
[99.073s][info][gc] GC(179) Garbage Collection (Allocation Rate) 14M(88%)->12M(75%)
[99.168s][info][gc] GC(180) Garbage Collection (Allocation Rate) 14M(88%)->12M(75%)
[99.279s][info][gc] GC(181) Garbage Collection (Allocation Rate) 14M(88%)->12M(75%)
[99.366s][info][gc] GC(182) Garbage Collection (Allocation Rate) 14M(88%)->12M(75%)
[99.470s][info][gc] GC(183) Garbage Collection (Allocation Rate) 14M(88%)->12M(75%)
[99.580s][info][gc] GC(184) Garbage Collection (Allocation Rate) 14M(88%)->12M(75%)
[99.666s][info][gc] GC(185) Garbage Collection (Allocation Rate) 14M(88%)->12M(75%)
[99.767s][info][gc] GC(186) Garbage Collection (Allocation Rate) 14M(88%)->12M(75%)
[99.877s][info][gc] GC(187) Garbage Collection (Allocation Rate) 14M(88%)->12M(75%)
[99.973s][info][gc] GC(188) Garbage Collection (Allocation Rate) 14M(88%)->12M(75%)
[100.070s][info][gc] GC(189) Garbage Collection (Allocation Rate) 14M(88%)->12M(75%)
[100.180s][info][gc] GC(190) Garbage Collection (Allocation Rate) 14M(88%)->12M(75%)
[100.274s][info][gc] GC(191) Garbage Collection (Allocation Rate) 14M(88%)->12M(75%)
[100.369s][info][gc] GC(192) Garbage Collection (Allocation Rate) 14M(88%)->12M(75%)
[100.480s][info][gc] GC(193) Garbage Collection (Allocation Rate) 14M(88%)->12M(75%)
[100.574s][info][gc] GC(194) Garbage Collection (Allocation Rate) 14M(88%)->14M(88%)
[100.669s][info][gc] GC(195) Garbage Collection (Allocation Rate) 14M(88%)->12M(75%)
[100.779s][info][gc] GC(196) Garbage Collection (Allocation Rate) 14M(88%)->12M(75%)
[100.875s][info][gc] GC(197) Garbage Collection (Allocation Rate) 14M(88%)->12M(75%)
[100.970s][info][gc] GC(198) Garbage Collection (Allocation Rate) 14M(88%)->12M(75%)
[101.066s][info][gc] GC(199) Garbage Collection (Allocation Rate) 14M(88%)->12M(75%)
[101.177s][info][gc] GC(200) Garbage Collection (Allocation Rate) 14M(88%)->12M(75%)
[101.273s][info][gc] GC(201) Garbage Collection (Allocation Rate) 14M(88%)->12M(75%)
[101.366s][info][gc] GC(202) Garbage Collection (Allocation Rate) 14M(88%)->12M(75%)
[101.477s][info][gc] GC(203) Garbage Collection (Allocation Rate) 14M(88%)->12M(75%)
[101.574s][info][gc] GC(204) Garbage Collection (Allocation Rate) 14M(88%)->14M(88%)
[101.667s][info][gc] GC(205) Garbage Collection (Allocation Rate) 14M(88%)->12M(75%)
[101.778s][info][gc] GC(206) Garbage Collection (Allocation Rate) 14M(88%)->12M(75%)
[101.874s][info][gc] GC(207) Garbage Collection (Allocation Rate) 14M(88%)->12M(75%)
[101.970s][info][gc] GC(208) Garbage Collection (Allocation Rate) 14M(88%)->12M(75%)
[102.079s][info][gc] GC(209) Garbage Collection (Allocation Rate) 14M(88%)->12M(75%)
[102.173s][info][gc] GC(210) Garbage Collection (Allocation Rate) 14M(88%)->12M(75%)
[102.268s][info][gc] GC(211) Garbage Collection (Allocation Rate) 14M(88%)->12M(75%)
[102.378s][info][gc] GC(212) Garbage Collection (Allocation Rate) 14M(88%)->12M(75%)
[102.474s][info][gc] GC(213) Garbage Collection (Allocation Rate) 14M(88%)->12M(75%)
[102.570s][info][gc] GC(214) Garbage Collection (Allocation Rate) 14M(88%)->12M(75%)
[102.665s][info][gc] GC(215) Garbage Collection (Allocation Rate) 14M(88%)->12M(75%)
[102.777s][info][gc] GC(216) Garbage Collection (Allocation Rate) 14M(88%)->12M(75%)
[102.873s][info][gc] GC(217) Garbage Collection (Allocation Rate) 14M(88%)->12M(75%)
[102.969s][info][gc] GC(218) Garbage Collection (Allocation Rate) 14M(88%)->12M(75%)
[103.079s][info][gc] GC(219) Garbage Collection (Allocation Rate) 14M(88%)->12M(75%)
[103.175s][info][gc] GC(220) Garbage Collection (Allocation Rate) 14M(88%)->12M(75%)
[103.271s][info][gc] GC(221) Garbage Collection (Allocation Rate) 14M(88%)->12M(75%)
[103.366s][info][gc] GC(222) Garbage Collection (Allocation Rate) 14M(88%)->12M(75%)
[103.476s][info][gc] GC(223) Garbage Collection (Allocation Rate) 14M(88%)->12M(75%)
[103.572s][info][gc] GC(224) Garbage Collection (Allocation Rate) 14M(88%)->12M(75%)
[103.668s][info][gc] GC(225) Garbage Collection (Allocation Rate) 14M(88%)->12M(75%)
[103.780s][info][gc] GC(226) Garbage Collection (Allocation Rate) 14M(88%)->12M(75%)
[103.877s][info][gc] GC(227) Garbage Collection (Allocation Rate) 14M(88%)->12M(75%)
[103.972s][info][gc] GC(228) Garbage Collection (Allocation Rate) 14M(88%)->12M(75%)
[104.068s][info][gc] GC(229) Garbage Collection (Allocation Rate) 14M(88%)->12M(75%)
[104.179s][info][gc] GC(230) Garbage Collection (Allocation Rate) 14M(88%)->12M(75%)
[104.274s][info][gc] GC(231) Garbage Collection (Allocation Rate) 14M(88%)->12M(75%)
[104.368s][info][gc] GC(232) Garbage Collection (Allocation Rate) 14M(88%)->12M(75%)
[104.479s][info][gc] GC(233) Garbage Collection (Allocation Rate) 14M(88%)->12M(75%)
[104.576s][info][gc] GC(234) Garbage Collection (Allocation Rate) 14M(88%)->12M(75%)
[104.671s][info][gc] GC(235) Garbage Collection (Allocation Rate) 14M(88%)->12M(75%)
[104.766s][info][gc] GC(236) Garbage Collection (Allocation Rate) 14M(88%)->12M(75%)
[104.877s][info][gc] GC(237) Garbage Collection (Allocation Rate) 14M(88%)->12M(75%)
[104.973s][info][gc] GC(238) Garbage Collection (Allocation Rate) 14M(88%)->12M(75%)
[105.068s][info][gc] GC(239) Garbage Collection (Allocation Rate) 14M(88%)->12M(75%)
[105.179s][info][gc] GC(240) Garbage Collection (Allocation Rate) 14M(88%)->12M(75%)
[105.272s][info][gc] GC(241) Garbage Collection (Allocation Rate) 14M(88%)->12M(75%)
[105.368s][info][gc] GC(242) Garbage Collection (Allocation Rate) 14M(88%)->12M(75%)
[105.478s][info][gc] GC(243) Garbage Collection (Allocation Rate) 14M(88%)->12M(75%)
[105.574s][info][gc] GC(244) Garbage Collection (Allocation Rate) 14M(88%)->12M(75%)
[105.671s][info][gc] GC(245) Garbage Collection (Allocation Rate) 14M(88%)->12M(75%)
[105.765s][info][gc] GC(246) Garbage Collection (Allocation Rate) 14M(88%)->12M(75%)
[105.877s][info][gc] GC(247) Garbage Collection (Allocation Rate) 14M(88%)->12M(75%)
[105.973s][info][gc] GC(248) Garbage Collection (Allocation Rate) 14M(88%)->12M(75%)
[106.068s][info][gc] GC(249) Garbage Collection (Allocation Rate) 14M(88%)->12M(75%)
[106.181s][info][gc] GC(250) Garbage Collection (Allocation Rate) 14M(88%)->12M(75%)
[106.275s][info][gc] GC(251) Garbage Collection (Allocation Rate) 14M(88%)->12M(75%)
[106.371s][info][gc] GC(252) Garbage Collection (Allocation Rate) 14M(88%)->12M(75%)
[106.465s][info][gc] GC(253) Garbage Collection (Allocation Rate) 14M(88%)->12M(75%)
[106.577s][info][gc] GC(254) Garbage Collection (Allocation Rate) 14M(88%)->12M(75%)
[106.673s][info][gc] GC(255) Garbage Collection (Allocation Rate) 14M(88%)->12M(75%)
[106.769s][info][gc] GC(256) Garbage Collection (Allocation Rate) 14M(88%)->12M(75%)
[106.865s][info][gc] GC(257) Garbage Collection (Allocation Rate) 14M(88%)->12M(75%)
[106.977s][info][gc] GC(258) Garbage Collection (Allocation Rate) 14M(88%)->12M(75%)
[107.072s][info][gc] GC(259) Garbage Collection (Allocation Rate) 14M(88%)->12M(75%)
[107.168s][info][gc] GC(260) Garbage Collection (Allocation Rate) 14M(88%)->12M(75%)
[107.280s][info][gc] GC(261) Garbage Collection (Allocation Rate) 14M(88%)->12M(75%)
[107.376s][info][gc] GC(262) Garbage Collection (Allocation Rate) 14M(88%)->12M(75%)
[107.471s][info][gc] GC(263) Garbage Collection (Allocation Rate) 14M(88%)->12M(75%)
[107.567s][info][gc] GC(264) Garbage Collection (Allocation Rate) 14M(88%)->12M(75%)
[107.679s][info][gc] GC(265) Garbage Collection (Allocation Rate) 14M(88%)->12M(75%)
[107.776s][info][gc] GC(266) Garbage Collection (Allocation Rate) 14M(88%)->12M(75%)
[107.871s][info][gc] GC(267) Garbage Collection (Allocation Rate) 14M(88%)->12M(75%)
[107.966s][info][gc] GC(268) Garbage Collection (Allocation Rate) 14M(88%)->12M(75%)
[108.077s][info][gc] GC(269) Garbage Collection (Allocation Rate) 14M(88%)->12M(75%)
[108.173s][info][gc] GC(270) Garbage Collection (Allocation Rate) 14M(88%)->12M(75%)
[108.268s][info][gc] GC(271) Garbage Collection (Allocation Rate) 14M(88%)->12M(75%)
[108.380s][info][gc] GC(272) Garbage Collection (Allocation Rate) 14M(88%)->12M(75%)
[108.476s][info][gc] GC(273) Garbage Collection (Allocation Rate) 14M(88%)->12M(75%)
[108.571s][info][gc] GC(274) Garbage Collection (Allocation Rate) 14M(88%)->12M(75%)
[108.668s][info][gc] GC(275) Garbage Collection (Allocation Rate) 14M(88%)->12M(75%)
[108.780s][info][gc] GC(276) Garbage Collection (Allocation Rate) 14M(88%)->12M(75%)
[108.875s][info][gc] GC(277) Garbage Collection (Allocation Rate) 14M(88%)->12M(75%)
[108.971s][info][gc] GC(278) Garbage Collection (Allocation Rate) 14M(88%)->12M(75%)
[109.080s][info][gc] GC(279) Garbage Collection (Allocation Rate) 14M(88%)->12M(75%)
[109.176s][info][gc] GC(280) Garbage Collection (Allocation Rate) 14M(88%)->12M(75%)
[109.271s][info][gc] GC(281) Garbage Collection (Allocation Rate) 14M(88%)->12M(75%)
[109.366s][info][gc] GC(282) Garbage Collection (Allocation Rate) 14M(88%)->12M(75%)
[109.478s][info][gc] GC(283) Garbage Collection (Allocation Rate) 14M(88%)->12M(75%)
[109.575s][info][gc] GC(284) Garbage Collection (Allocation Rate) 14M(88%)->12M(75%)
[109.671s][info][gc] GC(285) Garbage Collection (Allocation Rate) 14M(88%)->12M(75%)
[109.767s][info][gc] GC(286) Garbage Collection (Allocation Rate) 14M(88%)->12M(75%)
[109.879s][info][gc] GC(287) Garbage Collection (Allocation Rate) 14M(88%)->12M(75%)
[109.974s][info][gc] GC(288) Garbage Collection (Allocation Rate) 14M(88%)->12M(75%)
[110.070s][info][gc] GC(289) Garbage Collection (Allocation Rate) 14M(88%)->12M(75%)
[110.165s][info][gc] GC(290) Garbage Collection (Allocation Rate) 14M(88%)->12M(75%)
[110.278s][info][gc] GC(291) Garbage Collection (Allocation Rate) 14M(88%)->12M(75%)
[110.374s][info][gc] GC(292) Garbage Collection (Allocation Rate) 14M(88%)->12M(75%)
[110.468s][info][gc] GC(293) Garbage Collection (Allocation Rate) 14M(88%)->12M(75%)
[110.564s][info][gc] GC(294) Garbage Collection (Allocation Rate) 14M(88%)->12M(75%)
[110.676s][info][gc] GC(295) Garbage Collection (Allocation Rate) 14M(88%)->12M(75%)
[110.772s][info][gc] GC(296) Garbage Collection (Allocation Rate) 14M(88%)->12M(75%)
[110.868s][info][gc] GC(297) Garbage Collection (Allocation Rate) 14M(88%)->12M(75%)
[110.980s][info][gc] GC(298) Garbage Collection (Allocation Rate) 14M(88%)->12M(75%)
[111.075s][info][gc] GC(299) Garbage Collection (Allocation Rate) 14M(88%)->12M(75%)
[111.170s][info][gc] GC(300) Garbage Collection (Allocation Rate) 14M(88%)->12M(75%)
[111.266s][info][gc] GC(301) Garbage Collection (Allocation Rate) 14M(88%)->12M(75%)
[111.378s][info][gc] GC(302) Garbage Collection (Allocation Rate) 14M(88%)->12M(75%)
[111.473s][info][gc] GC(303) Garbage Collection (Allocation Rate) 14M(88%)->12M(75%)
[111.568s][info][gc] GC(304) Garbage Collection (Allocation Rate) 14M(88%)->12M(75%)
[111.665s][info][gc] GC(305) Garbage Collection (Allocation Rate) 14M(88%)->12M(75%)
[111.777s][info][gc] GC(306) Garbage Collection (Allocation Rate) 14M(88%)->12M(75%)
[111.873s][info][gc] GC(307) Garbage Collection (Allocation Rate) 14M(88%)->12M(75%)
[111.969s][info][gc] GC(308) Garbage Collection (Allocation Rate) 14M(88%)->12M(75%)
[112.079s][info][gc] GC(309) Garbage Collection (Allocation Rate) 14M(88%)->12M(75%)
[112.174s][info][gc] GC(310) Garbage Collection (Allocation Rate) 14M(88%)->12M(75%)
[112.270s][info][gc] GC(311) Garbage Collection (Allocation Rate) 14M(88%)->12M(75%)
[112.366s][info][gc] GC(312) Garbage Collection (Allocation Rate) 14M(88%)->12M(75%)
[112.477s][info][gc] GC(313) Garbage Collection (Allocation Rate) 14M(88%)->12M(75%)
[112.573s][info][gc] GC(314) Garbage Collection (Allocation Rate) 14M(88%)->12M(75%)
[112.670s][info][gc] GC(315) Garbage Collection (Allocation Rate) 14M(88%)->12M(75%)
[112.780s][info][gc] GC(316) Garbage Collection (Allocation Rate) 14M(88%)->12M(75%)
[112.875s][info][gc] GC(317) Garbage Collection (Allocation Rate) 14M(88%)->12M(75%)
[112.971s][info][gc] GC(318) Garbage Collection (Allocation Rate) 14M(88%)->12M(75%)
[113.066s][info][gc] GC(319) Garbage Collection (Allocation Rate) 14M(88%)->12M(75%)
[113.176s][info][gc] GC(320) Garbage Collection (Allocation Rate) 14M(88%)->12M(75%)
[113.273s][info][gc] GC(321) Garbage Collection (Allocation Rate) 14M(88%)->12M(75%)
[113.369s][info][gc] GC(322) Garbage Collection (Allocation Rate) 14M(88%)->12M(75%)
[113.480s][info][gc] GC(323) Garbage Collection (Allocation Rate) 14M(88%)->12M(75%)
[113.576s][info][gc] GC(324) Garbage Collection (Allocation Rate) 14M(88%)->12M(75%)
[113.672s][info][gc] GC(325) Garbage Collection (Allocation Rate) 14M(88%)->12M(75%)
[113.766s][info][gc] GC(326) Garbage Collection (Allocation Rate) 14M(88%)->12M(75%)
[113.878s][info][gc] GC(327) Garbage Collection (Allocation Rate) 14M(88%)->12M(75%)
[113.973s][info][gc] GC(328) Garbage Collection (Allocation Rate) 14M(88%)->12M(75%)
[114.069s][info][gc] GC(329) Garbage Collection (Allocation Rate) 14M(88%)->12M(75%)
[114.179s][info][gc] GC(330) Garbage Collection (Allocation Rate) 14M(88%)->12M(75%)
[114.272s][info][gc] GC(331) Garbage Collection (Allocation Rate) 14M(88%)->12M(75%)
[114.367s][info][gc] GC(332) Garbage Collection (Allocation Rate) 14M(88%)->12M(75%)
[114.479s][info][gc] GC(333) Garbage Collection (Allocation Rate) 14M(88%)->12M(75%)
[114.572s][info][gc] GC(334) Garbage Collection (Allocation Rate) 14M(88%)->12M(75%)
[114.668s][info][gc] GC(335) Garbage Collection (Allocation Rate) 14M(88%)->12M(75%)
[114.780s][info][gc] GC(336) Garbage Collection (Allocation Rate) 14M(88%)->12M(75%)
[114.875s][info][gc] GC(337) Garbage Collection (Allocation Rate) 14M(88%)->12M(75%)
[114.970s][info][gc] GC(338) Garbage Collection (Allocation Rate) 14M(88%)->12M(75%)
[115.080s][info][gc] GC(339) Garbage Collection (Allocation Rate) 14M(88%)->12M(75%)
[115.174s][info][gc] GC(340) Garbage Collection (Allocation Rate) 14M(88%)->12M(75%)
[115.269s][info][gc] GC(341) Garbage Collection (Allocation Rate) 14M(88%)->12M(75%)
[115.380s][info][gc] GC(342) Garbage Collection (Allocation Rate) 14M(88%)->12M(75%)
[115.475s][info][gc] GC(343) Garbage Collection (Allocation Rate) 14M(88%)->12M(75%)
[115.570s][info][gc] GC(344) Garbage Collection (Allocation Rate) 14M(88%)->12M(75%)
[115.666s][info][gc] GC(345) Garbage Collection (Allocation Rate) 14M(88%)->14M(88%)
[115.778s][info][gc] GC(346) Garbage Collection (Allocation Rate) 14M(88%)->12M(75%)
[115.874s][info][gc] GC(347) Garbage Collection (Allocation Rate) 14M(88%)->12M(75%)
[115.969s][info][gc] GC(348) Garbage Collection (Allocation Rate) 14M(88%)->12M(75%)
[116.080s][info][gc] GC(349) Garbage Collection (Allocation Rate) 14M(88%)->12M(75%)
[116.174s][info][gc] GC(350) Garbage Collection (Allocation Rate) 14M(88%)->12M(75%)
[116.268s][info][gc] GC(351) Garbage Collection (Allocation Rate) 14M(88%)->12M(75%)
[116.380s][info][gc] GC(352) Garbage Collection (Allocation Rate) 14M(88%)->12M(75%)
[116.476s][info][gc] GC(353) Garbage Collection (Allocation Rate) 14M(88%)->12M(75%)
[116.572s][info][gc] GC(354) Garbage Collection (Allocation Rate) 14M(88%)->12M(75%)
[116.669s][info][gc] GC(355) Garbage Collection (Allocation Rate) 14M(88%)->14M(88%)
[116.781s][info][gc] GC(356) Garbage Collection (Allocation Rate) 14M(88%)->10M(62%)
[116.873s][info][gc] GC(357) Garbage Collection (Allocation Rate) 12M(75%)->10M(62%)
[116.968s][info][gc] GC(358) Garbage Collection (Allocation Rate) 12M(75%)->10M(62%)
[117.077s][info][gc] GC(359) Garbage Collection (Allocation Rate) 12M(75%)->10M(62%)
[117.170s][info][gc] GC(360) Garbage Collection (Allocation Rate) 12M(75%)->10M(62%)
[117.280s][info][gc] GC(361) Garbage Collection (Allocation Rate) 12M(75%)->10M(62%)
[117.373s][info][gc] GC(362) Garbage Collection (Allocation Rate) 12M(75%)->10M(62%)
[117.465s][info][gc] GC(363) Garbage Collection (Allocation Rate) 12M(75%)->10M(62%)
[117.576s][info][gc] GC(364) Garbage Collection (Allocation Rate) 12M(75%)->10M(62%)
[117.670s][info][gc] GC(365) Garbage Collection (Allocation Rate) 12M(75%)->12M(75%)
[117.778s][info][gc] GC(366) Garbage Collection (Allocation Rate) 12M(75%)->10M(62%)
[117.872s][info][gc] GC(367) Garbage Collection (Allocation Rate) 12M(75%)->10M(62%)
[117.981s][info][gc] GC(368) Garbage Collection (Allocation Rate) 12M(75%)->10M(62%)
[118.065s][info][gc] GC(369) Garbage Collection (Allocation Rate) 12M(75%)->10M(62%)
[118.170s][info][gc] GC(370) Garbage Collection (Allocation Rate) 12M(75%)->10M(62%)
[118.279s][info][gc] GC(371) Garbage Collection (Allocation Rate) 12M(75%)->10M(62%)
[118.374s][info][gc] GC(372) Garbage Collection (Allocation Rate) 12M(75%)->10M(62%)
[118.469s][info][gc] GC(373) Garbage Collection (Allocation Rate) 12M(75%)->10M(62%)
[118.580s][info][gc] GC(374) Garbage Collection (Allocation Rate) 12M(75%)->10M(62%)
[118.675s][info][gc] GC(375) Garbage Collection (Allocation Rate) 12M(75%)->12M(75%)
[118.768s][info][gc] GC(376) Garbage Collection (Allocation Rate) 12M(75%)->10M(62%)
[118.878s][info][gc] GC(377) Garbage Collection (Allocation Rate) 12M(75%)->10M(62%)
[118.972s][info][gc] GC(378) Garbage Collection (Allocation Rate) 12M(75%)->10M(62%)
[119.080s][info][gc] GC(379) Garbage Collection (Allocation Rate) 12M(75%)->10M(62%)
[119.173s][info][gc] GC(380) Garbage Collection (Allocation Rate) 12M(75%)->10M(62%)
[119.268s][info][gc] GC(381) Garbage Collection (Allocation Rate) 12M(75%)->10M(62%)
[119.378s][info][gc] GC(382) Garbage Collection (Allocation Rate) 12M(75%)->10M(62%)
[119.471s][info][gc] GC(383) Garbage Collection (Allocation Rate) 12M(75%)->10M(62%)
[119.580s][info][gc] GC(384) Garbage Collection (Allocation Rate) 12M(75%)->10M(62%)
[119.673s][info][gc] GC(385) Garbage Collection (Allocation Rate) 12M(75%)->12M(75%)
[119.768s][info][gc] GC(386) Garbage Collection (Allocation Rate) 12M(75%)->10M(62%)
[119.876s][info][gc] GC(387) Garbage Collection (Allocation Rate) 12M(75%)->10M(62%)
[119.969s][info][gc] GC(388) Garbage Collection (Allocation Rate) 12M(75%)->10M(62%)
[120.077s][info][gc] GC(389) Garbage Collection (Allocation Rate) 12M(75%)->10M(62%)
[120.169s][info][gc] GC(390) Garbage Collection (Allocation Rate) 12M(75%)->10M(62%)
[120.276s][info][gc] GC(391) Garbage Collection (Allocation Rate) 12M(75%)->10M(62%)
[120.369s][info][gc] GC(392) Garbage Collection (Allocation Rate) 12M(75%)->10M(62%)
[120.478s][info][gc] GC(393) Garbage Collection (Allocation Rate) 12M(75%)->10M(62%)
[120.572s][info][gc] GC(394) Garbage Collection (Allocation Rate) 12M(75%)->10M(62%)
[120.679s][info][gc] GC(395) Garbage Collection (Allocation Rate) 12M(75%)->12M(75%)
[120.774s][info][gc] GC(396) Garbage Collection (Allocation Rate) 12M(75%)->10M(62%)
[120.869s][info][gc] GC(397) Garbage Collection (Allocation Rate) 12M(75%)->10M(62%)
[120.979s][info][gc] GC(398) Garbage Collection (Allocation Rate) 12M(75%)->10M(62%)
[121.072s][info][gc] GC(399) Garbage Collection (Allocation Rate) 12M(75%)->10M(62%)
[121.166s][info][gc] GC(400) Garbage Collection (Allocation Rate) 12M(75%)->10M(62%)
[121.276s][info][gc] GC(401) Garbage Collection (Allocation Rate) 12M(75%)->10M(62%)
[121.369s][info][gc] GC(402) Garbage Collection (Allocation Rate) 12M(75%)->10M(62%)
[121.479s][info][gc] GC(403) Garbage Collection (Allocation Rate) 12M(75%)->10M(62%)
[121.573s][info][gc] GC(404) Garbage Collection (Allocation Rate) 12M(75%)->10M(62%)
[121.669s][info][gc] GC(405) Garbage Collection (Allocation Rate) 12M(75%)->12M(75%)
[121.782s][info][gc] GC(406) Garbage Collection (Allocation Rate) 14M(88%)->12M(75%)
[121.874s][info][gc] GC(407) Garbage Collection (Allocation Rate) 14M(88%)->12M(75%)
[121.979s][info][gc] GC(408) Garbage Collection (Allocation Rate) 14M(88%)->12M(75%)
[122.069s][info][gc] GC(409) Garbage Collection (Allocation Rate) 14M(88%)->12M(75%)
[122.174s][info][gc] GC(410) Garbage Collection (Allocation Rate) 14M(88%)->12M(75%)
[122.279s][info][gc] GC(411) Garbage Collection (Allocation Rate) 14M(88%)->12M(75%)
[122.369s][info][gc] GC(412) Garbage Collection (Allocation Rate) 14M(88%)->12M(75%)
[122.478s][info][gc] GC(413) Garbage Collection (Allocation Rate) 14M(88%)->12M(75%)
[122.574s][info][gc] GC(414) Garbage Collection (Allocation Rate) 14M(88%)->12M(75%)
[122.670s][info][gc] GC(415) Garbage Collection (Allocation Rate) 14M(88%)->12M(75%)
[122.767s][info][gc] GC(416) Garbage Collection (Allocation Rate) 14M(88%)->12M(75%)
[122.879s][info][gc] GC(417) Garbage Collection (Allocation Rate) 14M(88%)->12M(75%)
[122.975s][info][gc] GC(418) Garbage Collection (Allocation Rate) 14M(88%)->12M(75%)
[123.070s][info][gc] GC(419) Garbage Collection (Allocation Rate) 14M(88%)->12M(75%)
[123.167s][info][gc] GC(420) Garbage Collection (Allocation Rate) 14M(88%)->12M(75%)
[123.278s][info][gc] GC(421) Garbage Collection (Allocation Rate) 14M(88%)->12M(75%)
[123.373s][info][gc] GC(422) Garbage Collection (Allocation Rate) 14M(88%)->12M(75%)
[123.468s][info][gc] GC(423) Garbage Collection (Allocation Rate) 14M(88%)->12M(75%)
[123.564s][info][gc] GC(424) Garbage Collection (Allocation Rate) 14M(88%)->12M(75%)
[123.676s][info][gc] GC(425) Garbage Collection (Allocation Rate) 14M(88%)->12M(75%)
[123.773s][info][gc] GC(426) Garbage Collection (Allocation Rate) 14M(88%)->12M(75%)
[123.869s][info][gc] GC(427) Garbage Collection (Allocation Rate) 14M(88%)->12M(75%)
[123.980s][info][gc] GC(428) Garbage Collection (Allocation Rate) 14M(88%)->12M(75%)
[124.075s][info][gc] GC(429) Garbage Collection (Allocation Rate) 14M(88%)->12M(75%)
[124.171s][info][gc] GC(430) Garbage Collection (Allocation Rate) 14M(88%)->12M(75%)
[124.267s][info][gc] GC(431) Garbage Collection (Allocation Rate) 14M(88%)->12M(75%)
[124.378s][info][gc] GC(432) Garbage Collection (Allocation Rate) 14M(88%)->12M(75%)
[124.474s][info][gc] GC(433) Garbage Collection (Allocation Rate) 14M(88%)->12M(75%)
[124.570s][info][gc] GC(434) Garbage Collection (Allocation Rate) 14M(88%)->12M(75%)
[124.665s][info][gc] GC(435) Garbage Collection (Allocation Rate) 14M(88%)->12M(75%)
[124.779s][info][gc] GC(436) Garbage Collection (Allocation Rate) 14M(88%)->10M(62%)
[124.870s][info][gc] GC(437) Garbage Collection (Allocation Rate) 12M(75%)->10M(62%)
[124.978s][info][gc] GC(438) Garbage Collection (Allocation Rate) 12M(75%)->10M(62%)
[125.073s][info][gc] GC(439) Garbage Collection (Allocation Rate) 12M(75%)->10M(62%)
[125.168s][info][gc] GC(440) Garbage Collection (Allocation Rate) 12M(75%)->10M(62%)
[125.277s][info][gc] GC(441) Garbage Collection (Allocation Rate) 12M(75%)->10M(62%)
[125.371s][info][gc] GC(442) Garbage Collection (Allocation Rate) 12M(75%)->10M(62%)
[125.479s][info][gc] GC(443) Garbage Collection (Allocation Rate) 12M(75%)->10M(62%)
[125.574s][info][gc] GC(444) Garbage Collection (Allocation Rate) 12M(75%)->10M(62%)
[125.669s][info][gc] GC(445) Garbage Collection (Allocation Rate) 12M(75%)->10M(62%)
[125.777s][info][gc] GC(446) Garbage Collection (Allocation Rate) 12M(75%)->10M(62%)
[125.870s][info][gc] GC(447) Garbage Collection (Allocation Rate) 12M(75%)->10M(62%)
[125.978s][info][gc] GC(448) Garbage Collection (Allocation Rate) 12M(75%)->10M(62%)
[126.072s][info][gc] GC(449) Garbage Collection (Allocation Rate) 12M(75%)->10M(62%)
[126.179s][info][gc] GC(450) Garbage Collection (Allocation Rate) 12M(75%)->10M(62%)
[126.274s][info][gc] GC(451) Garbage Collection (Allocation Rate) 12M(75%)->10M(62%)
[126.368s][info][gc] GC(452) Garbage Collection (Allocation Rate) 12M(75%)->10M(62%)
[126.477s][info][gc] GC(453) Garbage Collection (Allocation Rate) 12M(75%)->10M(62%)
[126.572s][info][gc] GC(454) Garbage Collection (Allocation Rate) 12M(75%)->10M(62%)
[126.680s][info][gc] GC(455) Garbage Collection (Allocation Rate) 12M(75%)->10M(62%)
[126.773s][info][gc] GC(456) Garbage Collection (Allocation Rate) 12M(75%)->10M(62%)
[126.866s][info][gc] GC(457) Garbage Collection (Allocation Rate) 12M(75%)->10M(62%)
[126.974s][info][gc] GC(458) Garbage Collection (Allocation Rate) 12M(75%)->10M(62%)
[127.068s][info][gc] GC(459) Garbage Collection (Allocation Rate) 12M(75%)->10M(62%)
[127.177s][info][gc] GC(460) Garbage Collection (Allocation Rate) 12M(75%)->10M(62%)
[127.271s][info][gc] GC(461) Garbage Collection (Allocation Rate) 12M(75%)->10M(62%)
[127.366s][info][gc] GC(462) Garbage Collection (Allocation Rate) 12M(75%)->10M(62%)
[127.475s][info][gc] GC(463) Garbage Collection (Allocation Rate) 12M(75%)->10M(62%)
[127.567s][info][gc] GC(464) Garbage Collection (Allocation Rate) 12M(75%)->10M(62%)
[127.676s][info][gc] GC(465) Garbage Collection (Allocation Rate) 12M(75%)->10M(62%)
[127.770s][info][gc] GC(466) Garbage Collection (Allocation Rate) 12M(75%)->10M(62%)
[127.881s][info][gc] GC(467) Garbage Collection (Allocation Rate) 12M(75%)->10M(62%)
[127.972s][info][gc] GC(468) Garbage Collection (Allocation Rate) 12M(75%)->10M(62%)
[128.067s][info][gc] GC(469) Garbage Collection (Allocation Rate) 12M(75%)->10M(62%)
[128.175s][info][gc] GC(470) Garbage Collection (Allocation Rate) 12M(75%)->10M(62%)
[128.268s][info][gc] GC(471) Garbage Collection (Allocation Rate) 12M(75%)->10M(62%)
[128.379s][info][gc] GC(472) Garbage Collection (Allocation Rate) 12M(75%)->10M(62%)
[128.474s][info][gc] GC(473) Garbage Collection (Allocation Rate) 12M(75%)->10M(62%)
[128.568s][info][gc] GC(474) Garbage Collection (Allocation Rate) 12M(75%)->10M(62%)
[128.677s][info][gc] GC(475) Garbage Collection (Allocation Rate) 12M(75%)->10M(62%)
[128.772s][info][gc] GC(476) Garbage Collection (Allocation Rate) 12M(75%)->10M(62%)
[128.881s][info][gc] GC(477) Garbage Collection (Allocation Rate) 12M(75%)->10M(62%)
[128.976s][info][gc] GC(478) Garbage Collection (Allocation Rate) 12M(75%)->10M(62%)
[129.069s][info][gc] GC(479) Garbage Collection (Allocation Rate) 12M(75%)->10M(62%)
[129.180s][info][gc] GC(480) Garbage Collection (Allocation Rate) 12M(75%)->10M(62%)
[129.275s][info][gc] GC(481) Garbage Collection (Allocation Rate) 12M(75%)->10M(62%)
[129.371s][info][gc] GC(482) Garbage Collection (Allocation Rate) 12M(75%)->10M(62%)
[129.480s][info][gc] GC(483) Garbage Collection (Allocation Rate) 12M(75%)->10M(62%)
[129.574s][info][gc] GC(484) Garbage Collection (Allocation Rate) 12M(75%)->10M(62%)
[129.668s][info][gc] GC(485) Garbage Collection (Allocation Rate) 12M(75%)->10M(62%)
[129.779s][info][gc] GC(486) Garbage Collection (Allocation Rate) 12M(75%)->10M(62%)
[129.873s][info][gc] GC(487) Garbage Collection (Allocation Rate) 12M(75%)->10M(62%)
[129.966s][info][gc] GC(488) Garbage Collection (Allocation Rate) 12M(75%)->10M(62%)
[130.076s][info][gc] GC(489) Garbage Collection (Allocation Rate) 12M(75%)->10M(62%)
[130.168s][info][gc] GC(490) Garbage Collection (Allocation Rate) 12M(75%)->10M(62%)
[130.278s][info][gc] GC(491) Garbage Collection (Allocation Rate) 12M(75%)->10M(62%)
[130.373s][info][gc] GC(492) Garbage Collection (Allocation Rate) 12M(75%)->10M(62%)
[130.468s][info][gc] GC(493) Garbage Collection (Allocation Rate) 12M(75%)->10M(62%)
[130.579s][info][gc] GC(494) Garbage Collection (Allocation Rate) 12M(75%)->10M(62%)
[130.675s][info][gc] GC(495) Garbage Collection (Allocation Rate) 12M(75%)->10M(62%)
[130.768s][info][gc] GC(496) Garbage Collection (Allocation Rate) 12M(75%)->10M(62%)
[130.879s][info][gc] GC(497) Garbage Collection (Allocation Rate) 12M(75%)->10M(62%)
[130.971s][info][gc] GC(498) Garbage Collection (Allocation Rate) 12M(75%)->10M(62%)
[131.080s][info][gc] GC(499) Garbage Collection (Allocation Rate) 12M(75%)->10M(62%)
[131.175s][info][gc] GC(500) Garbage Collection (Allocation Rate) 12M(75%)->10M(62%)
[131.268s][info][gc] GC(501) Garbage Collection (Allocation Rate) 12M(75%)->10M(62%)
[131.379s][info][gc] GC(502) Garbage Collection (Allocation Rate) 12M(75%)->10M(62%)
[131.472s][info][gc] GC(503) Garbage Collection (Allocation Rate) 12M(75%)->10M(62%)
[131.565s][info][gc] GC(504) Garbage Collection (Allocation Rate) 12M(75%)->10M(62%)
[131.678s][info][gc] GC(505) Garbage Collection (Allocation Rate) 12M(75%)->10M(62%)
[131.770s][info][gc] GC(506) Garbage Collection (Allocation Rate) 12M(75%)->10M(62%)
[131.867s][info][gc] GC(507) Garbage Collection (Allocation Rate) 12M(75%)->10M(62%)
[131.980s][info][gc] GC(508) Garbage Collection (Allocation Rate) 12M(75%)->10M(62%)
[132.068s][info][gc] GC(509) Garbage Collection (Allocation Rate) 12M(75%)->10M(62%)
[132.175s][info][gc] GC(510) Garbage Collection (Allocation Rate) 12M(75%)->10M(62%)
[132.271s][info][gc] GC(511) Garbage Collection (Allocation Rate) 12M(75%)->10M(62%)
[132.378s][info][gc] GC(512) Garbage Collection (Allocation Rate) 12M(75%)->10M(62%)
[132.473s][info][gc] GC(513) Garbage Collection (Allocation Rate) 12M(75%)->10M(62%)
[132.567s][info][gc] GC(514) Garbage Collection (Allocation Rate) 12M(75%)->10M(62%)
[132.678s][info][gc] GC(515) Garbage Collection (Allocation Rate) 12M(75%)->10M(62%)
[132.771s][info][gc] GC(516) Garbage Collection (Allocation Rate) 12M(75%)->12M(75%)
[132.879s][info][gc] GC(517) Garbage Collection (Allocation Rate) 12M(75%)->10M(62%)
[132.967s][info][gc] GC(518) Garbage Collection (Allocation Rate) 12M(75%)->10M(62%)
[133.070s][info][gc] GC(519) Garbage Collection (Allocation Rate) 12M(75%)->10M(62%)
[133.168s][info][gc] GC(520) Garbage Collection (Allocation Rate) 12M(75%)->10M(62%)
[133.272s][info][gc] GC(521) Garbage Collection (Allocation Rate) 12M(75%)->10M(62%)
[133.381s][info][gc] GC(522) Garbage Collection (Allocation Rate) 12M(75%)->10M(62%)
[133.472s][info][gc] GC(523) Garbage Collection (Allocation Rate) 12M(75%)->10M(62%)
[133.580s][info][gc] GC(524) Garbage Collection (Allocation Rate) 12M(75%)->10M(62%)
[133.672s][info][gc] GC(525) Garbage Collection (Allocation Rate) 12M(75%)->10M(62%)
[133.765s][info][gc] GC(526) Garbage Collection (Allocation Rate) 12M(75%)->12M(75%)
[133.877s][info][gc] GC(527) Garbage Collection (Allocation Rate) 12M(75%)->10M(62%)
[133.970s][info][gc] GC(528) Garbage Collection (Allocation Rate) 12M(75%)->10M(62%)
[134.078s][info][gc] GC(529) Garbage Collection (Allocation Rate) 12M(75%)->10M(62%)
[134.173s][info][gc] GC(530) Garbage Collection (Allocation Rate) 12M(75%)->10M(62%)
[134.267s][info][gc] GC(531) Garbage Collection (Allocation Rate) 12M(75%)->10M(62%)
[134.376s][info][gc] GC(532) Garbage Collection (Allocation Rate) 12M(75%)->10M(62%)
[134.470s][info][gc] GC(533) Garbage Collection (Allocation Rate) 12M(75%)->10M(62%)
[134.579s][info][gc] GC(534) Garbage Collection (Allocation Rate) 12M(75%)->10M(62%)
[134.670s][info][gc] GC(535) Garbage Collection (Allocation Rate) 12M(75%)->10M(62%)
[134.780s][info][gc] GC(536) Garbage Collection (Allocation Rate) 12M(75%)->12M(75%)
[134.874s][info][gc] GC(537) Garbage Collection (Allocation Rate) 12M(75%)->10M(62%)
[134.968s][info][gc] GC(538) Garbage Collection (Allocation Rate) 12M(75%)->10M(62%)
[135.078s][info][gc] GC(539) Garbage Collection (Allocation Rate) 12M(75%)->10M(62%)
[135.170s][info][gc] GC(540) Garbage Collection (Allocation Rate) 12M(75%)->10M(62%)
[135.280s][info][gc] GC(541) Garbage Collection (Allocation Rate) 12M(75%)->10M(62%)
[135.373s][info][gc] GC(542) Garbage Collection (Allocation Rate) 12M(75%)->10M(62%)
[135.467s][info][gc] GC(543) Garbage Collection (Allocation Rate) 12M(75%)->10M(62%)
[135.575s][info][gc] GC(544) Garbage Collection (Allocation Rate) 12M(75%)->10M(62%)
[135.668s][info][gc] GC(545) Garbage Collection (Allocation Rate) 12M(75%)->10M(62%)
[135.782s][info][gc] GC(546) Garbage Collection (Allocation Rate) 12M(75%)->12M(75%)
[135.873s][info][gc] GC(547) Garbage Collection (Allocation Rate) 12M(75%)->10M(62%)
[135.966s][info][gc] GC(548) Garbage Collection (Allocation Rate) 12M(75%)->10M(62%)
[136.074s][info][gc] GC(549) Garbage Collection (Allocation Rate) 12M(75%)->10M(62%)
[136.169s][info][gc] GC(550) Garbage Collection (Allocation Rate) 12M(75%)->10M(62%)
[136.279s][info][gc] GC(551) Garbage Collection (Allocation Rate) 12M(75%)->10M(62%)
[136.372s][info][gc] GC(552) Garbage Collection (Allocation Rate) 12M(75%)->10M(62%)
[136.480s][info][gc] GC(553) Garbage Collection (Allocation Rate) 12M(75%)->10M(62%)
[136.575s][info][gc] GC(554) Garbage Collection (Allocation Rate) 12M(75%)->10M(62%)
[136.670s][info][gc] GC(555) Garbage Collection (Allocation Rate) 12M(75%)->10M(62%)
[136.766s][info][gc] GC(556) Garbage Collection (Allocation Rate) 12M(75%)->10M(62%)
[136.866s][info][gc] GC(557) Garbage Collection (Allocation Rate) 12M(75%)->10M(62%)
[136.969s][info][gc] GC(558) Garbage Collection (Allocation Rate) 12M(75%)->10M(62%)
[137.080s][info][gc] GC(559) Garbage Collection (Allocation Rate) 12M(75%)->10M(62%)
[137.175s][info][gc] GC(560) Garbage Collection (Allocation Rate) 12M(75%)->10M(62%)
[137.269s][info][gc] GC(561) Garbage Collection (Allocation Rate) 12M(75%)->10M(62%)
[137.377s][info][gc] GC(562) Garbage Collection (Allocation Rate) 12M(75%)->10M(62%)
[137.471s][info][gc] GC(563) Garbage Collection (Allocation Rate) 12M(75%)->10M(62%)
[137.580s][info][gc] GC(564) Garbage Collection (Allocation Rate) 12M(75%)->10M(62%)
[137.672s][info][gc] GC(565) Garbage Collection (Allocation Rate) 12M(75%)->10M(62%)
[137.766s][info][gc] GC(566) Garbage Collection (Allocation Rate) 12M(75%)->10M(62%)
[137.877s][info][gc] GC(567) Garbage Collection (Allocation Rate) 12M(75%)->10M(62%)
[137.970s][info][gc] GC(568) Garbage Collection (Allocation Rate) 12M(75%)->10M(62%)
[138.079s][info][gc] GC(569) Garbage Collection (Allocation Rate) 12M(75%)->10M(62%)
[138.174s][info][gc] GC(570) Garbage Collection (Allocation Rate) 12M(75%)->10M(62%)
[138.266s][info][gc] GC(571) Garbage Collection (Allocation Rate) 12M(75%)->10M(62%)
[138.375s][info][gc] GC(572) Garbage Collection (Allocation Rate) 12M(75%)->10M(62%)
[138.469s][info][gc] GC(573) Garbage Collection (Allocation Rate) 12M(75%)->10M(62%)
[138.579s][info][gc] GC(574) Garbage Collection (Allocation Rate) 12M(75%)->10M(62%)
[138.672s][info][gc] GC(575) Garbage Collection (Allocation Rate) 12M(75%)->10M(62%)
[138.780s][info][gc] GC(576) Garbage Collection (Allocation Rate) 12M(75%)->10M(62%)
[138.874s][info][gc] GC(577) Garbage Collection (Allocation Rate) 12M(75%)->10M(62%)
[138.969s][info][gc] GC(578) Garbage Collection (Allocation Rate) 12M(75%)->10M(62%)
[139.078s][info][gc] GC(579) Garbage Collection (Allocation Rate) 12M(75%)->10M(62%)
[139.172s][info][gc] GC(580) Garbage Collection (Allocation Rate) 12M(75%)->10M(62%)
[139.280s][info][gc] GC(581) Garbage Collection (Allocation Rate) 12M(75%)->10M(62%)
[139.372s][info][gc] GC(582) Garbage Collection (Allocation Rate) 12M(75%)->10M(62%)
[139.465s][info][gc] GC(583) Garbage Collection (Allocation Rate) 12M(75%)->10M(62%)
[139.574s][info][gc] GC(584) Garbage Collection (Allocation Rate) 12M(75%)->10M(62%)
[139.669s][info][gc] GC(585) Garbage Collection (Allocation Rate) 12M(75%)->10M(62%)
[139.777s][info][gc] GC(586) Garbage Collection (Allocation Rate) 12M(75%)->10M(62%)
[139.871s][info][gc] GC(587) Garbage Collection (Allocation Rate) 12M(75%)->10M(62%)
[139.966s][info][gc] GC(588) Garbage Collection (Allocation Rate) 12M(75%)->10M(62%)
[140.079s][info][gc] GC(589) Garbage Collection (Allocation Rate) 12M(75%)->10M(62%)
[140.174s][info][gc] GC(590) Garbage Collection (Allocation Rate) 12M(75%)->10M(62%)
[140.267s][info][gc] GC(591) Garbage Collection (Allocation Rate) 12M(75%)->10M(62%)
[140.376s][info][gc] GC(592) Garbage Collection (Allocation Rate) 12M(75%)->10M(62%)
[140.469s][info][gc] GC(593) Garbage Collection (Allocation Rate) 12M(75%)->10M(62%)
[140.580s][info][gc] GC(594) Garbage Collection (Allocation Rate) 12M(75%)->10M(62%)
[140.674s][info][gc] GC(595) Garbage Collection (Allocation Rate) 12M(75%)->10M(62%)
[140.767s][info][gc] GC(596) Garbage Collection (Allocation Rate) 12M(75%)->10M(62%)
[140.878s][info][gc] GC(597) Garbage Collection (Allocation Rate) 12M(75%)->10M(62%)
[140.972s][info][gc] GC(598) Garbage Collection (Allocation Rate) 12M(75%)->10M(62%)
[141.066s][info][gc] GC(599) Garbage Collection (Allocation Rate) 12M(75%)->10M(62%)
[141.176s][info][gc] GC(600) Garbage Collection (Allocation Rate) 12M(75%)->10M(62%)
[141.270s][info][gc] GC(601) Garbage Collection (Allocation Rate) 12M(75%)->10M(62%)
[141.378s][info][gc] GC(602) Garbage Collection (Allocation Rate) 12M(75%)->10M(62%)
[141.474s][info][gc] GC(603) Garbage Collection (Allocation Rate) 12M(75%)->10M(62%)
[141.568s][info][gc] GC(604) Garbage Collection (Allocation Rate) 12M(75%)->10M(62%)
[141.678s][info][gc] GC(605) Garbage Collection (Allocation Rate) 12M(75%)->10M(62%)
[141.772s][info][gc] GC(606) Garbage Collection (Allocation Rate) 12M(75%)->10M(62%)
[141.866s][info][gc] GC(607) Garbage Collection (Allocation Rate) 12M(75%)->10M(62%)
[141.973s][info][gc] GC(608) Garbage Collection (Allocation Rate) 12M(75%)->10M(62%)
[142.067s][info][gc] GC(609) Garbage Collection (Allocation Rate) 12M(75%)->10M(62%)
[142.177s][info][gc] GC(610) Garbage Collection (Allocation Rate) 12M(75%)->10M(62%)
[142.270s][info][gc] GC(611) Garbage Collection (Allocation Rate) 12M(75%)->10M(62%)
[142.377s][info][gc] GC(612) Garbage Collection (Allocation Rate) 12M(75%)->10M(62%)
[142.471s][info][gc] GC(613) Garbage Collection (Allocation Rate) 12M(75%)->10M(62%)
[142.578s][info][gc] GC(614) Garbage Collection (Allocation Rate) 12M(75%)->10M(62%)
[142.672s][info][gc] GC(615) Garbage Collection (Allocation Rate) 12M(75%)->10M(62%)
[142.767s][info][gc] GC(616) Garbage Collection (Allocation Rate) 12M(75%)->10M(62%)
[142.878s][info][gc] GC(617) Garbage Collection (Allocation Rate) 12M(75%)->10M(62%)
[142.970s][info][gc] GC(618) Garbage Collection (Allocation Rate) 12M(75%)->10M(62%)
[143.081s][info][gc] GC(619) Garbage Collection (Allocation Rate) 12M(75%)->10M(62%)
[143.174s][info][gc] GC(620) Garbage Collection (Allocation Rate) 12M(75%)->10M(62%)
[143.268s][info][gc] GC(621) Garbage Collection (Allocation Rate) 12M(75%)->10M(62%)
[143.374s][info][gc] GC(622) Garbage Collection (Allocation Rate) 12M(75%)->10M(62%)
[143.469s][info][gc] GC(623) Garbage Collection (Allocation Rate) 12M(75%)->10M(62%)
[143.578s][info][gc] GC(624) Garbage Collection (Allocation Rate) 12M(75%)->10M(62%)
[143.672s][info][gc] GC(625) Garbage Collection (Allocation Rate) 12M(75%)->10M(62%)
[143.765s][info][gc] GC(626) Garbage Collection (Allocation Rate) 12M(75%)->10M(62%)
[143.875s][info][gc] GC(627) Garbage Collection (Allocation Rate) 12M(75%)->10M(62%)
[143.968s][info][gc] GC(628) Garbage Collection (Allocation Rate) 12M(75%)->10M(62%)
[144.077s][info][gc] GC(629) Garbage Collection (Allocation Rate) 12M(75%)->10M(62%)
[144.173s][info][gc] GC(630) Garbage Collection (Allocation Rate) 12M(75%)->10M(62%)
[144.265s][info][gc] GC(631) Garbage Collection (Allocation Rate) 12M(75%)->10M(62%)
[144.373s][info][gc] GC(632) Garbage Collection (Allocation Rate) 12M(75%)->10M(62%)
[144.467s][info][gc] GC(633) Garbage Collection (Allocation Rate) 12M(75%)->10M(62%)
[144.576s][info][gc] GC(634) Garbage Collection (Allocation Rate) 12M(75%)->10M(62%)
[144.670s][info][gc] GC(635) Garbage Collection (Allocation Rate) 12M(75%)->10M(62%)
[144.779s][info][gc] GC(636) Garbage Collection (Allocation Rate) 12M(75%)->10M(62%)
[144.874s][info][gc] GC(637) Garbage Collection (Allocation Rate) 12M(75%)->12M(75%)
[144.968s][info][gc] GC(638) Garbage Collection (Allocation Rate) 12M(75%)->10M(62%)
[145.077s][info][gc] GC(639) Garbage Collection (Allocation Rate) 12M(75%)->10M(62%)
[145.171s][info][gc] GC(640) Garbage Collection (Allocation Rate) 12M(75%)->10M(62%)
[145.279s][info][gc] GC(641) Garbage Collection (Allocation Rate) 12M(75%)->10M(62%)
[145.374s][info][gc] GC(642) Garbage Collection (Allocation Rate) 12M(75%)->10M(62%)
[145.466s][info][gc] GC(643) Garbage Collection (Allocation Rate) 12M(75%)->10M(62%)
[145.576s][info][gc] GC(644) Garbage Collection (Allocation Rate) 12M(75%)->10M(62%)
[145.669s][info][gc] GC(645) Garbage Collection (Allocation Rate) 12M(75%)->10M(62%)
[145.778s][info][gc] GC(646) Garbage Collection (Allocation Rate) 12M(75%)->10M(62%)
[145.871s][info][gc] GC(647) Garbage Collection (Allocation Rate) 12M(75%)->12M(75%)
[145.980s][info][gc] GC(648) Garbage Collection (Allocation Rate) 12M(75%)->10M(62%)
[146.074s][info][gc] GC(649) Garbage Collection (Allocation Rate) 12M(75%)->10M(62%)
[146.168s][info][gc] GC(650) Garbage Collection (Allocation Rate) 12M(75%)->10M(62%)
[146.276s][info][gc] GC(651) Garbage Collection (Allocation Rate) 12M(75%)->10M(62%)
[146.370s][info][gc] GC(652) Garbage Collection (Allocation Rate) 12M(75%)->10M(62%)
[146.480s][info][gc] GC(653) Garbage Collection (Allocation Rate) 12M(75%)->10M(62%)
[146.573s][info][gc] GC(654) Garbage Collection (Allocation Rate) 12M(75%)->10M(62%)
[146.666s][info][gc] GC(655) Garbage Collection (Allocation Rate) 12M(75%)->10M(62%)
[146.777s][info][gc] GC(656) Garbage Collection (Allocation Rate) 12M(75%)->10M(62%)
[146.871s][info][gc] GC(657) Garbage Collection (Allocation Rate) 12M(75%)->10M(62%)
[146.980s][info][gc] GC(658) Garbage Collection (Allocation Rate) 12M(75%)->10M(62%)
[147.076s][info][gc] GC(659) Garbage Collection (Allocation Rate) 12M(75%)->10M(62%)
[147.169s][info][gc] GC(660) Garbage Collection (Allocation Rate) 12M(75%)->10M(62%)
[147.278s][info][gc] GC(661) Garbage Collection (Allocation Rate) 12M(75%)->10M(62%)
[147.372s][info][gc] GC(662) Garbage Collection (Allocation Rate) 12M(75%)->10M(62%)
[147.467s][info][gc] GC(663) Garbage Collection (Allocation Rate) 12M(75%)->10M(62%)
[147.575s][info][gc] GC(664) Garbage Collection (Allocation Rate) 12M(75%)->10M(62%)
[147.671s][info][gc] GC(665) Garbage Collection (Allocation Rate) 12M(75%)->10M(62%)
[147.779s][info][gc] GC(666) Garbage Collection (Allocation Rate) 12M(75%)->10M(62%)
[147.873s][info][gc] GC(667) Garbage Collection (Allocation Rate) 12M(75%)->10M(62%)
[147.968s][info][gc] GC(668) Garbage Collection (Allocation Rate) 12M(75%)->10M(62%)
[148.077s][info][gc] GC(669) Garbage Collection (Allocation Rate) 12M(75%)->10M(62%)
[148.171s][info][gc] GC(670) Garbage Collection (Allocation Rate) 12M(75%)->10M(62%)
[148.265s][info][gc] GC(671) Garbage Collection (Allocation Rate) 12M(75%)->10M(62%)
[148.374s][info][gc] GC(672) Garbage Collection (Allocation Rate) 12M(75%)->10M(62%)
[148.468s][info][gc] GC(673) Garbage Collection (Allocation Rate) 12M(75%)->10M(62%)
[148.576s][info][gc] GC(674) Garbage Collection (Allocation Rate) 12M(75%)->10M(62%)
[148.670s][info][gc] GC(675) Garbage Collection (Allocation Rate) 12M(75%)->10M(62%)
[148.779s][info][gc] GC(676) Garbage Collection (Allocation Rate) 12M(75%)->10M(62%)
[148.873s][info][gc] GC(677) Garbage Collection (Allocation Rate) 12M(75%)->10M(62%)
[148.968s][info][gc] GC(678) Garbage Collection (Allocation Rate) 12M(75%)->10M(62%)
[149.078s][info][gc] GC(679) Garbage Collection (Allocation Rate) 12M(75%)->10M(62%)
[149.171s][info][gc] GC(680) Garbage Collection (Allocation Rate) 12M(75%)->10M(62%)
[149.279s][info][gc] GC(681) Garbage Collection (Allocation Rate) 12M(75%)->10M(62%)
[149.371s][info][gc] GC(682) Garbage Collection (Allocation Rate) 12M(75%)->10M(62%)
[149.479s][info][gc] GC(683) Garbage Collection (Allocation Rate) 12M(75%)->10M(62%)
[149.574s][info][gc] GC(684) Garbage Collection (Allocation Rate) 12M(75%)->10M(62%)
[149.668s][info][gc] GC(685) Garbage Collection (Allocation Rate) 12M(75%)->10M(62%)
[149.778s][info][gc] GC(686) Garbage Collection (Allocation Rate) 12M(75%)->10M(62%)
[149.872s][info][gc] GC(687) Garbage Collection (Allocation Rate) 12M(75%)->10M(62%)
[149.967s][info][gc] GC(688) Garbage Collection (Allocation Rate) 12M(75%)->10M(62%)
[150.076s][info][gc] GC(689) Garbage Collection (Allocation Rate) 12M(75%)->10M(62%)
[150.169s][info][gc] GC(690) Garbage Collection (Allocation Rate) 12M(75%)->10M(62%)
[150.277s][info][gc] GC(691) Garbage Collection (Allocation Rate) 12M(75%)->10M(62%)
[150.371s][info][gc] GC(692) Garbage Collection (Allocation Rate) 12M(75%)->10M(62%)
[150.467s][info][gc] GC(693) Garbage Collection (Allocation Rate) 12M(75%)->10M(62%)
[150.575s][info][gc] GC(694) Garbage Collection (Allocation Rate) 12M(75%)->10M(62%)
[150.668s][info][gc] GC(695) Garbage Collection (Allocation Rate) 12M(75%)->10M(62%)
[150.778s][info][gc] GC(696) Garbage Collection (Allocation Rate) 12M(75%)->10M(62%)
[150.872s][info][gc] GC(697) Garbage Collection (Allocation Rate) 12M(75%)->10M(62%)
[150.980s][info][gc] GC(698) Garbage Collection (Allocation Rate) 12M(75%)->10M(62%)
[151.072s][info][gc] GC(699) Garbage Collection (Allocation Rate) 12M(75%)->10M(62%)
[151.166s][info][gc] GC(700) Garbage Collection (Allocation Rate) 12M(75%)->10M(62%)
[151.276s][info][gc] GC(701) Garbage Collection (Allocation Rate) 12M(75%)->10M(62%)
[151.370s][info][gc] GC(702) Garbage Collection (Allocation Rate) 12M(75%)->10M(62%)
[151.479s][info][gc] GC(703) Garbage Collection (Allocation Rate) 12M(75%)->10M(62%)
[151.572s][info][gc] GC(704) Garbage Collection (Allocation Rate) 12M(75%)->10M(62%)
[151.667s][info][gc] GC(705) Garbage Collection (Allocation Rate) 12M(75%)->10M(62%)
[151.776s][info][gc] GC(706) Garbage Collection (Allocation Rate) 12M(75%)->10M(62%)
[151.870s][info][gc] GC(707) Garbage Collection (Allocation Rate) 12M(75%)->10M(62%)
[151.966s][info][gc] GC(708) Garbage Collection (Allocation Rate) 12M(75%)->10M(62%)
[152.073s][info][gc] GC(709) Garbage Collection (Allocation Rate) 12M(75%)->10M(62%)
[152.166s][info][gc] GC(710) Garbage Collection (Allocation Rate) 12M(75%)->10M(62%)
[152.273s][info][gc] GC(711) Garbage Collection (Allocation Rate) 12M(75%)->10M(62%)
[152.366s][info][gc] GC(712) Garbage Collection (Allocation Rate) 12M(75%)->10M(62%)
[152.477s][info][gc] GC(713) Garbage Collection (Allocation Rate) 12M(75%)->10M(62%)
[152.571s][info][gc] GC(714) Garbage Collection (Allocation Rate) 12M(75%)->10M(62%)
[152.681s][info][gc] GC(715) Garbage Collection (Allocation Rate) 12M(75%)->10M(62%)
[152.775s][info][gc] GC(716) Garbage Collection (Allocation Rate) 12M(75%)->10M(62%)
[152.869s][info][gc] GC(717) Garbage Collection (Allocation Rate) 12M(75%)->10M(62%)
[152.978s][info][gc] GC(718) Garbage Collection (Allocation Rate) 12M(75%)->10M(62%)
[153.071s][info][gc] GC(719) Garbage Collection (Allocation Rate) 12M(75%)->10M(62%)
[153.180s][info][gc] GC(720) Garbage Collection (Allocation Rate) 12M(75%)->10M(62%)
[153.273s][info][gc] GC(721) Garbage Collection (Allocation Rate) 12M(75%)->10M(62%)
[153.368s][info][gc] GC(722) Garbage Collection (Allocation Rate) 12M(75%)->10M(62%)
[153.476s][info][gc] GC(723) Garbage Collection (Allocation Rate) 12M(75%)->10M(62%)
[153.569s][info][gc] GC(724) Garbage Collection (Allocation Rate) 12M(75%)->10M(62%)
[153.679s][info][gc] GC(725) Garbage Collection (Allocation Rate) 12M(75%)->10M(62%)
[153.774s][info][gc] GC(726) Garbage Collection (Allocation Rate) 12M(75%)->10M(62%)
[153.868s][info][gc] GC(727) Garbage Collection (Allocation Rate) 12M(75%)->10M(62%)
[153.977s][info][gc] GC(728) Garbage Collection (Allocation Rate) 12M(75%)->10M(62%)
[154.070s][info][gc] GC(729) Garbage Collection (Allocation Rate) 12M(75%)->10M(62%)
[154.180s][info][gc] GC(730) Garbage Collection (Allocation Rate) 12M(75%)->10M(62%)
[154.273s][info][gc] GC(731) Garbage Collection (Allocation Rate) 12M(75%)->10M(62%)
[154.366s][info][gc] GC(732) Garbage Collection (Allocation Rate) 12M(75%)->10M(62%)
[154.475s][info][gc] GC(733) Garbage Collection (Allocation Rate) 12M(75%)->10M(62%)
[154.568s][info][gc] GC(734) Garbage Collection (Allocation Rate) 12M(75%)->10M(62%)
[154.678s][info][gc] GC(735) Garbage Collection (Allocation Rate) 12M(75%)->10M(62%)
[154.773s][info][gc] GC(736) Garbage Collection (Allocation Rate) 12M(75%)->10M(62%)
[154.867s][info][gc] GC(737) Garbage Collection (Allocation Rate) 12M(75%)->10M(62%)
[154.977s][info][gc] GC(738) Garbage Collection (Allocation Rate) 12M(75%)->12M(75%)
[155.071s][info][gc] GC(739) Garbage Collection (Allocation Rate) 12M(75%)->10M(62%)
[155.179s][info][gc] GC(740) Garbage Collection (Allocation Rate) 12M(75%)->10M(62%)
[155.272s][info][gc] GC(741) Garbage Collection (Allocation Rate) 12M(75%)->10M(62%)
[155.379s][info][gc] GC(742) Garbage Collection (Allocation Rate) 12M(75%)->10M(62%)
[155.474s][info][gc] GC(743) Garbage Collection (Allocation Rate) 12M(75%)->10M(62%)
[155.569s][info][gc] GC(744) Garbage Collection (Allocation Rate) 12M(75%)->10M(62%)
[155.679s][info][gc] GC(745) Garbage Collection (Allocation Rate) 12M(75%)->10M(62%)
[155.773s][info][gc] GC(746) Garbage Collection (Allocation Rate) 12M(75%)->10M(62%)
[155.867s][info][gc] GC(747) Garbage Collection (Allocation Rate) 12M(75%)->10M(62%)
[155.976s][info][gc] GC(748) Garbage Collection (Allocation Rate) 12M(75%)->10M(62%)
[156.070s][info][gc] GC(749) Garbage Collection (Allocation Rate) 12M(75%)->10M(62%)
[156.179s][info][gc] GC(750) Garbage Collection (Allocation Rate) 12M(75%)->10M(62%)
[156.274s][info][gc] GC(751) Garbage Collection (Allocation Rate) 12M(75%)->10M(62%)
[156.381s][info][gc] GC(752) Garbage Collection (Allocation Rate) 12M(75%)->10M(62%)
[156.474s][info][gc] GC(753) Garbage Collection (Allocation Rate) 12M(75%)->10M(62%)
[156.567s][info][gc] GC(754) Garbage Collection (Allocation Rate) 12M(75%)->10M(62%)
[156.677s][info][gc] GC(755) Garbage Collection (Allocation Rate) 12M(75%)->10M(62%)
[156.771s][info][gc] GC(756) Garbage Collection (Allocation Rate) 12M(75%)->10M(62%)
[156.865s][info][gc] GC(757) Garbage Collection (Allocation Rate) 12M(75%)->10M(62%)
[156.974s][info][gc] GC(758) Garbage Collection (Allocation Rate) 12M(75%)->12M(75%)
[157.069s][info][gc] GC(759) Garbage Collection (Allocation Rate) 12M(75%)->10M(62%)
[157.178s][info][gc] GC(760) Garbage Collection (Allocation Rate) 12M(75%)->10M(62%)
[157.272s][info][gc] GC(761) Garbage Collection (Allocation Rate) 12M(75%)->10M(62%)
[157.380s][info][gc] GC(762) Garbage Collection (Allocation Rate) 12M(75%)->10M(62%)
[157.474s][info][gc] GC(763) Garbage Collection (Allocation Rate) 12M(75%)->10M(62%)
[157.568s][info][gc] GC(764) Garbage Collection (Allocation Rate) 12M(75%)->10M(62%)
[157.675s][info][gc] GC(765) Garbage Collection (Allocation Rate) 12M(75%)->10M(62%)
[157.768s][info][gc] GC(766) Garbage Collection (Allocation Rate) 12M(75%)->10M(62%)
[157.877s][info][gc] GC(767) Garbage Collection (Allocation Rate) 12M(75%)->10M(62%)
[157.971s][info][gc] GC(768) Garbage Collection (Allocation Rate) 12M(75%)->10M(62%)
[158.065s][info][gc] GC(769) Garbage Collection (Allocation Rate) 12M(75%)->10M(62%)
[158.176s][info][gc] GC(770) Garbage Collection (Allocation Rate) 12M(75%)->10M(62%)
[158.270s][info][gc] GC(771) Garbage Collection (Allocation Rate) 12M(75%)->10M(62%)
[158.378s][info][gc] GC(772) Garbage Collection (Allocation Rate) 12M(75%)->10M(62%)
[158.473s][info][gc] GC(773) Garbage Collection (Allocation Rate) 12M(75%)->10M(62%)
[158.566s][info][gc] GC(774) Garbage Collection (Allocation Rate) 12M(75%)->10M(62%)
[158.676s][info][gc] GC(775) Garbage Collection (Allocation Rate) 12M(75%)->10M(62%)
[158.771s][info][gc] GC(776) Garbage Collection (Allocation Rate) 12M(75%)->10M(62%)
[158.881s][info][gc] GC(777) Garbage Collection (Allocation Rate) 12M(75%)->10M(62%)
[158.973s][info][gc] GC(778) Garbage Collection (Allocation Rate) 12M(75%)->10M(62%)
[159.069s][info][gc] GC(779) Garbage Collection (Allocation Rate) 12M(75%)->10M(62%)
[159.178s][info][gc] GC(780) Garbage Collection (Allocation Rate) 12M(75%)->10M(62%)
[159.272s][info][gc] GC(781) Garbage Collection (Allocation Rate) 12M(75%)->10M(62%)
[159.370s][info][gc] GC(782) Garbage Collection (Allocation Rate) 12M(75%)->10M(62%)
[159.477s][info][gc] GC(783) Garbage Collection (Allocation Rate) 12M(75%)->10M(62%)
[159.572s][info][gc] GC(784) Garbage Collection (Allocation Rate) 12M(75%)->10M(62%)
[159.681s][info][gc] GC(785) Garbage Collection (Allocation Rate) 12M(75%)->10M(62%)
[159.773s][info][gc] GC(786) Garbage Collection (Allocation Rate) 12M(75%)->10M(62%)
[159.868s][info][gc] GC(787) Garbage Collection (Allocation Rate) 12M(75%)->10M(62%)
[159.978s][info][gc] GC(788) Garbage Collection (Allocation Rate) 12M(75%)->10M(62%)
[160.072s][info][gc] GC(789) Garbage Collection (Allocation Rate) 12M(75%)->10M(62%)
[160.167s][info][gc] GC(790) Garbage Collection (Allocation Rate) 12M(75%)->10M(62%)
[160.276s][info][gc] GC(791) Garbage Collection (Allocation Rate) 12M(75%)->10M(62%)
[160.373s][info][gc] GC(792) Garbage Collection (Allocation Rate) 12M(75%)->10M(62%)
[160.479s][info][gc] GC(793) Garbage Collection (Allocation Rate) 12M(75%)->10M(62%)
[160.572s][info][gc] GC(794) Garbage Collection (Allocation Rate) 12M(75%)->10M(62%)
[160.668s][info][gc] GC(795) Garbage Collection (Allocation Rate) 12M(75%)->10M(62%)
[160.779s][info][gc] GC(796) Garbage Collection (Allocation Rate) 12M(75%)->10M(62%)
[160.872s][info][gc] GC(797) Garbage Collection (Allocation Rate) 12M(75%)->10M(62%)
[160.967s][info][gc] GC(798) Garbage Collection (Allocation Rate) 12M(75%)->10M(62%)
[161.076s][info][gc] GC(799) Garbage Collection (Allocation Rate) 12M(75%)->10M(62%)
[161.171s][info][gc] GC(800) Garbage Collection (Allocation Rate) 12M(75%)->10M(62%)
[161.282s][info][gc] GC(801) Garbage Collection (Allocation Rate) 12M(75%)->10M(62%)
[161.377s][info][gc] GC(802) Garbage Collection (Allocation Rate) 12M(75%)->10M(62%)
[161.472s][info][gc] GC(803) Garbage Collection (Allocation Rate) 12M(75%)->10M(62%)
[161.567s][info][gc] GC(804) Garbage Collection (Allocation Rate) 12M(75%)->10M(62%)
[161.676s][info][gc] GC(805) Garbage Collection (Allocation Rate) 12M(75%)->10M(62%)
[161.770s][info][gc] GC(806) Garbage Collection (Allocation Rate) 12M(75%)->10M(62%)
[161.880s][info][gc] GC(807) Garbage Collection (Allocation Rate) 12M(75%)->10M(62%)
[161.975s][info][gc] GC(808) Garbage Collection (Allocation Rate) 12M(75%)->10M(62%)
[162.067s][info][gc] GC(809) Garbage Collection (Allocation Rate) 12M(75%)->10M(62%)
[162.176s][info][gc] GC(810) Garbage Collection (Allocation Rate) 12M(75%)->10M(62%)
[162.270s][info][gc] GC(811) Garbage Collection (Allocation Rate) 12M(75%)->10M(62%)
[162.366s][info][gc] GC(812) Garbage Collection (Allocation Rate) 12M(75%)->10M(62%)
[162.473s][info][gc] GC(813) Garbage Collection (Allocation Rate) 12M(75%)->10M(62%)
[162.567s][info][gc] GC(814) Garbage Collection (Allocation Rate) 12M(75%)->10M(62%)
[162.676s][info][gc] GC(815) Garbage Collection (Allocation Rate) 12M(75%)->10M(62%)
[162.769s][info][gc] GC(816) Garbage Collection (Allocation Rate) 12M(75%)->10M(62%)
[162.879s][info][gc] GC(817) Garbage Collection (Allocation Rate) 12M(75%)->10M(62%)
[162.973s][info][gc] GC(818) Garbage Collection (Allocation Rate) 12M(75%)->10M(62%)
[163.067s][info][gc] GC(819) Garbage Collection (Allocation Rate) 12M(75%)->10M(62%)
[163.175s][info][gc] GC(820) Garbage Collection (Allocation Rate) 12M(75%)->10M(62%)
[163.269s][info][gc] GC(821) Garbage Collection (Allocation Rate) 12M(75%)->10M(62%)
[163.377s][info][gc] GC(822) Garbage Collection (Allocation Rate) 12M(75%)->10M(62%)
[163.470s][info][gc] GC(823) Garbage Collection (Allocation Rate) 12M(75%)->10M(62%)
[163.579s][info][gc] GC(824) Garbage Collection (Allocation Rate) 12M(75%)->10M(62%)
[163.674s][info][gc] GC(825) Garbage Collection (Allocation Rate) 12M(75%)->10M(62%)
[163.768s][info][gc] GC(826) Garbage Collection (Allocation Rate) 12M(75%)->10M(62%)
[163.879s][info][gc] GC(827) Garbage Collection (Allocation Rate) 12M(75%)->10M(62%)
[163.974s][info][gc] GC(828) Garbage Collection (Allocation Rate) 12M(75%)->10M(62%)
[164.067s][info][gc] GC(829) Garbage Collection (Allocation Rate) 12M(75%)->10M(62%)
[164.175s][info][gc] GC(830) Garbage Collection (Allocation Rate) 12M(75%)->10M(62%)
[164.267s][info][gc] GC(831) Garbage Collection (Allocation Rate) 12M(75%)->10M(62%)
[164.375s][info][gc] GC(832) Garbage Collection (Allocation Rate) 12M(75%)->10M(62%)
[164.469s][info][gc] GC(833) Garbage Collection (Allocation Rate) 12M(75%)->10M(62%)
[164.579s][info][gc] GC(834) Garbage Collection (Allocation Rate) 12M(75%)->10M(62%)
[164.673s][info][gc] GC(835) Garbage Collection (Allocation Rate) 12M(75%)->10M(62%)
[164.780s][info][gc] GC(836) Garbage Collection (Allocation Rate) 12M(75%)->10M(62%)
[164.874s][info][gc] GC(837) Garbage Collection (Allocation Rate) 12M(75%)->10M(62%)
[164.968s][info][gc] GC(838) Garbage Collection (Allocation Rate) 12M(75%)->10M(62%)
[165.075s][info][gc] GC(839) Garbage Collection (Allocation Rate) 12M(75%)->10M(62%)
[165.167s][info][gc] GC(840) Garbage Collection (Allocation Rate) 12M(75%)->10M(62%)
[165.277s][info][gc] GC(841) Garbage Collection (Allocation Rate) 12M(75%)->10M(62%)
[165.373s][info][gc] GC(842) Garbage Collection (Allocation Rate) 12M(75%)->10M(62%)
[165.480s][info][gc] GC(843) Garbage Collection (Allocation Rate) 12M(75%)->10M(62%)
[165.574s][info][gc] GC(844) Garbage Collection (Allocation Rate) 12M(75%)->10M(62%)
[165.669s][info][gc] GC(845) Garbage Collection (Allocation Rate) 12M(75%)->10M(62%)
[165.778s][info][gc] GC(846) Garbage Collection (Allocation Rate) 12M(75%)->10M(62%)
[165.873s][info][gc] GC(847) Garbage Collection (Allocation Rate) 12M(75%)->10M(62%)
[165.967s][info][gc] GC(848) Garbage Collection (Allocation Rate) 12M(75%)->10M(62%)
[166.077s][info][gc] GC(849) Garbage Collection (Allocation Rate) 12M(75%)->10M(62%)
[166.171s][info][gc] GC(850) Garbage Collection (Allocation Rate) 12M(75%)->10M(62%)
[166.281s][info][gc] GC(851) Garbage Collection (Allocation Rate) 12M(75%)->10M(62%)
[166.373s][info][gc] GC(852) Garbage Collection (Allocation Rate) 12M(75%)->10M(62%)
[166.467s][info][gc] GC(853) Garbage Collection (Allocation Rate) 12M(75%)->10M(62%)
[166.576s][info][gc] GC(854) Garbage Collection (Allocation Rate) 12M(75%)->10M(62%)
[166.669s][info][gc] GC(855) Garbage Collection (Allocation Rate) 12M(75%)->10M(62%)
[166.778s][info][gc] GC(856) Garbage Collection (Allocation Rate) 12M(75%)->10M(62%)
[166.872s][info][gc] GC(857) Garbage Collection (Allocation Rate) 12M(75%)->10M(62%)
[166.968s][info][gc] GC(858) Garbage Collection (Allocation Rate) 12M(75%)->10M(62%)
[167.075s][info][gc] GC(859) Garbage Collection (Allocation Rate) 12M(75%)->12M(75%)
[167.170s][info][gc] GC(860) Garbage Collection (Allocation Rate) 12M(75%)->10M(62%)
[167.279s][info][gc] GC(861) Garbage Collection (Allocation Rate) 12M(75%)->10M(62%)
[167.370s][info][gc] GC(862) Garbage Collection (Allocation Rate) 12M(75%)->10M(62%)
[167.480s][info][gc] GC(863) Garbage Collection (Allocation Rate) 12M(75%)->10M(62%)
[167.573s][info][gc] GC(864) Garbage Collection (Allocation Rate) 12M(75%)->10M(62%)
[167.666s][info][gc] GC(865) Garbage Collection (Allocation Rate) 12M(75%)->10M(62%)
[167.777s][info][gc] GC(866) Garbage Collection (Allocation Rate) 12M(75%)->10M(62%)
[167.871s][info][gc] GC(867) Garbage Collection (Allocation Rate) 12M(75%)->10M(62%)
[167.995s][info][gc] GC(868) Garbage Collection (Allocation Rate) 12M(75%)->10M(62%)
[168.075s][info][gc] GC(869) Garbage Collection (Allocation Rate) 12M(75%)->10M(62%)
[168.168s][info][gc] GC(870) Garbage Collection (Allocation Rate) 12M(75%)->10M(62%)
[168.668s][info][gc] GC(871) Garbage Collection (Allocation Rate) 10M(62%)->10M(62%)
[168.777s][info][gc] GC(872) Garbage Collection (Allocation Rate) 10M(62%)->10M(62%)
[168.872s][info][gc] GC(873) Garbage Collection (Allocation Rate) 10M(62%)->10M(62%)
[168.981s][info][gc] GC(874) Garbage Collection (Allocation Rate) 10M(62%)->10M(62%)
[169.074s][info][gc] GC(875) Garbage Collection (Allocation Rate) 12M(75%)->10M(62%)
[169.167s][info][gc] GC(876) Garbage Collection (Allocation Rate) 12M(75%)->10M(62%)
[169.275s][info][gc] GC(877) Garbage Collection (Allocation Rate) 12M(75%)->10M(62%)
[169.369s][info][gc] GC(878) Garbage Collection (Allocation Rate) 12M(75%)->10M(62%)
[169.479s][info][gc] GC(879) Garbage Collection (Allocation Rate) 12M(75%)->10M(62%)
[169.573s][info][gc] GC(880) Garbage Collection (Allocation Rate) 12M(75%)->10M(62%)
[169.681s][info][gc] GC(881) Garbage Collection (Allocation Rate) 12M(75%)->10M(62%)
[169.774s][info][gc] GC(882) Garbage Collection (Allocation Rate) 12M(75%)->10M(62%)
[169.868s][info][gc] GC(883) Garbage Collection (Allocation Rate) 12M(75%)->10M(62%)
[169.977s][info][gc] GC(884) Garbage Collection (Allocation Rate) 12M(75%)->10M(62%)
[170.072s][info][gc] GC(885) Garbage Collection (Allocation Rate) 12M(75%)->12M(75%)
[170.180s][info][gc] GC(886) Garbage Collection (Allocation Rate) 12M(75%)->10M(62%)
[170.273s][info][gc] GC(887) Garbage Collection (Allocation Rate) 12M(75%)->10M(62%)
[170.367s][info][gc] GC(888) Garbage Collection (Allocation Rate) 12M(75%)->10M(62%)
[170.476s][info][gc] GC(889) Garbage Collection (Allocation Rate) 12M(75%)->10M(62%)
[170.571s][info][gc] GC(890) Garbage Collection (Allocation Rate) 12M(75%)->10M(62%)
[170.679s][info][gc] GC(891) Garbage Collection (Allocation Rate) 12M(75%)->10M(62%)
[170.773s][info][gc] GC(892) Garbage Collection (Allocation Rate) 12M(75%)->10M(62%)
[170.868s][info][gc] GC(893) Garbage Collection (Allocation Rate) 12M(75%)->10M(62%)
[170.977s][info][gc] GC(894) Garbage Collection (Allocation Rate) 12M(75%)->10M(62%)
[171.069s][info][gc] GC(895) Garbage Collection (Allocation Rate) 12M(75%)->10M(62%)
[171.180s][info][gc] GC(896) Garbage Collection (Allocation Rate) 12M(75%)->10M(62%)
[171.272s][info][gc] GC(897) Garbage Collection (Allocation Rate) 12M(75%)->10M(62%)
[171.365s][info][gc] GC(898) Garbage Collection (Allocation Rate) 12M(75%)->10M(62%)
[171.474s][info][gc] GC(899) Garbage Collection (Allocation Rate) 12M(75%)->10M(62%)
[171.567s][info][gc] GC(900) Garbage Collection (Allocation Rate) 12M(75%)->10M(62%)
[171.675s][info][gc] GC(901) Garbage Collection (Allocation Rate) 12M(75%)->10M(62%)
[171.770s][info][gc] GC(902) Garbage Collection (Allocation Rate) 12M(75%)->10M(62%)
[171.879s][info][gc] GC(903) Garbage Collection (Allocation Rate) 12M(75%)->10M(62%)
[171.975s][info][gc] GC(904) Garbage Collection (Allocation Rate) 12M(75%)->10M(62%)
[172.177s][info][gc] GC(905) Garbage Collection (Allocation Rate) 12M(75%)->10M(62%)
[172.678s][info][gc] GC(906) Garbage Collection (Allocation Rate) 12M(75%)->12M(75%)
[172.769s][info][gc] GC(907) Garbage Collection (Allocation Rate) 12M(75%)->10M(62%)
[172.877s][info][gc] GC(908) Garbage Collection (Allocation Rate) 12M(75%)->12M(75%)
[172.972s][info][gc] GC(909) Garbage Collection (Allocation Rate) 12M(75%)->10M(62%)
[173.079s][info][gc] GC(910) Garbage Collection (Allocation Rate) 12M(75%)->12M(75%)
[173.174s][info][gc] GC(911) Garbage Collection (Allocation Rate) 12M(75%)->10M(62%)
[173.267s][info][gc] GC(912) Garbage Collection (Allocation Rate) 12M(75%)->10M(62%)
[173.374s][info][gc] GC(913) Garbage Collection (Allocation Rate) 12M(75%)->10M(62%)
[173.468s][info][gc] GC(914) Garbage Collection (Allocation Rate) 12M(75%)->10M(62%)
[173.577s][info][gc] GC(915) Garbage Collection (Allocation Rate) 12M(75%)->12M(75%)
[173.671s][info][gc] GC(916) Garbage Collection (Allocation Rate) 12M(75%)->10M(62%)
[173.781s][info][gc] GC(917) Garbage Collection (Allocation Rate) 12M(75%)->12M(75%)
[173.876s][info][gc] GC(918) Garbage Collection (Allocation Rate) 12M(75%)->12M(75%)
[173.970s][info][gc] GC(919) Garbage Collection (Allocation Rate) 12M(75%)->10M(62%)
[174.065s][info][gc] GC(920) Garbage Collection (Allocation Rate) 12M(75%)->10M(62%)
[174.175s][info][gc] GC(921) Garbage Collection (Allocation Rate) 12M(75%)->10M(62%)
[174.268s][info][gc] GC(922) Garbage Collection (Allocation Rate) 12M(75%)->10M(62%)
[174.379s][info][gc] GC(923) Garbage Collection (Allocation Rate) 12M(75%)->12M(75%)
[174.472s][info][gc] GC(924) Garbage Collection (Allocation Rate) 12M(75%)->10M(62%)
[174.565s][info][gc] GC(925) Garbage Collection (Allocation Rate) 12M(75%)->10M(62%)
[174.677s][info][gc] GC(926) Garbage Collection (Allocation Rate) 12M(75%)->12M(75%)
[174.771s][info][gc] GC(927) Garbage Collection (Allocation Rate) 12M(75%)->10M(62%)
[174.879s][info][gc] GC(928) Garbage Collection (Allocation Rate) 12M(75%)->12M(75%)
[174.973s][info][gc] GC(929) Garbage Collection (Allocation Rate) 12M(75%)->10M(62%)
[175.067s][info][gc] GC(930) Garbage Collection (Allocation Rate) 12M(75%)->10M(62%)
[175.178s][info][gc] GC(931) Garbage Collection (Allocation Rate) 12M(75%)->12M(75%)
[175.271s][info][gc] GC(932) Garbage Collection (Allocation Rate) 12M(75%)->10M(62%)
[175.380s][info][gc] GC(933) Garbage Collection (Allocation Rate) 12M(75%)->12M(75%)
[175.474s][info][gc] GC(934) Garbage Collection (Allocation Rate) 12M(75%)->10M(62%)
[175.567s][info][gc] GC(935) Garbage Collection (Allocation Rate) 12M(75%)->10M(62%)
[175.676s][info][gc] GC(936) Garbage Collection (Allocation Rate) 12M(75%)->12M(75%)
[175.769s][info][gc] GC(937) Garbage Collection (Allocation Rate) 12M(75%)->10M(62%)
[175.879s][info][gc] GC(938) Garbage Collection (Allocation Rate) 12M(75%)->10M(62%)
[176.177s][info][gc] GC(939) Garbage Collection (Allocation Rate) 12M(75%)->12M(75%)
[176.270s][info][gc] GC(940) Garbage Collection (Allocation Rate) 12M(75%)->10M(62%)
[176.878s][info][gc] GC(941) Garbage Collection (Allocation Rate) 12M(75%)->10M(62%)
[176.969s][info][gc] GC(942) Garbage Collection (Allocation Rate) 12M(75%)->10M(62%)
[177.079s][info][gc] GC(943) Garbage Collection (Allocation Rate) 12M(75%)->10M(62%)
[177.172s][info][gc] GC(944) Garbage Collection (Allocation Rate) 12M(75%)->10M(62%)
[177.281s][info][gc] GC(945) Garbage Collection (Allocation Rate) 12M(75%)->10M(62%)
[177.374s][info][gc] GC(946) Garbage Collection (Allocation Rate) 12M(75%)->10M(62%)
[177.467s][info][gc] GC(947) Garbage Collection (Allocation Rate) 12M(75%)->10M(62%)
[177.577s][info][gc] GC(948) Garbage Collection (Allocation Rate) 12M(75%)->10M(62%)
[177.671s][info][gc] GC(949) Garbage Collection (Allocation Rate) 12M(75%)->10M(62%)
[177.780s][info][gc] GC(950) Garbage Collection (Allocation Rate) 12M(75%)->10M(62%)
[177.875s][info][gc] GC(951) Garbage Collection (Allocation Rate) 12M(75%)->10M(62%)
[177.969s][info][gc] GC(952) Garbage Collection (Allocation Rate) 12M(75%)->10M(62%)
[178.076s][info][gc] GC(953) Garbage Collection (Allocation Rate) 12M(75%)->10M(62%)
[178.169s][info][gc] GC(954) Garbage Collection (Allocation Rate) 12M(75%)->12M(75%)
[178.278s][info][gc] GC(955) Garbage Collection (Allocation Rate) 12M(75%)->10M(62%)
[178.371s][info][gc] GC(956) Garbage Collection (Allocation Rate) 12M(75%)->10M(62%)
[178.480s][info][gc] GC(957) Garbage Collection (Allocation Rate) 12M(75%)->10M(62%)
[178.573s][info][gc] GC(958) Garbage Collection (Allocation Rate) 12M(75%)->10M(62%)
[178.667s][info][gc] GC(959) Garbage Collection (Allocation Rate) 12M(75%)->10M(62%)
[178.778s][info][gc] GC(960) Garbage Collection (Allocation Rate) 12M(75%)->10M(62%)
[178.873s][info][gc] GC(961) Garbage Collection (Allocation Rate) 12M(75%)->10M(62%)
[178.966s][info][gc] GC(962) Garbage Collection (Allocation Rate) 12M(75%)->10M(62%)
[179.074s][info][gc] GC(963) Garbage Collection (Allocation Rate) 12M(75%)->10M(62%)
[179.168s][info][gc] GC(964) Garbage Collection (Allocation Rate) 12M(75%)->10M(62%)
[179.277s][info][gc] GC(965) Garbage Collection (Allocation Rate) 12M(75%)->10M(62%)
[179.369s][info][gc] GC(966) Garbage Collection (Allocation Rate) 12M(75%)->10M(62%)
[179.478s][info][gc] GC(967) Garbage Collection (Allocation Rate) 12M(75%)->10M(62%)
[179.570s][info][gc] GC(968) Garbage Collection (Allocation Rate) 12M(75%)->10M(62%)
[179.677s][info][gc] GC(969) Garbage Collection (Allocation Rate) 12M(75%)->10M(62%)
[179.773s][info][gc] GC(970) Garbage Collection (Allocation Rate) 12M(75%)->10M(62%)
[179.868s][info][gc] GC(971) Garbage Collection (Allocation Rate) 12M(75%)->10M(62%)
[179.978s][info][gc] GC(972) Garbage Collection (Allocation Rate) 12M(75%)->10M(62%)
[180.070s][info][gc] GC(973) Garbage Collection (Allocation Rate) 12M(75%)->10M(62%)
[180.181s][info][gc] GC(974) Garbage Collection (Allocation Rate) 12M(75%)->10M(62%)
[180.274s][info][gc] GC(975) Garbage Collection (Allocation Rate) 12M(75%)->10M(62%)
[180.367s][info][gc] GC(976) Garbage Collection (Allocation Rate) 12M(75%)->10M(62%)
[180.475s][info][gc] GC(977) Garbage Collection (Allocation Rate) 12M(75%)->10M(62%)
[180.568s][info][gc] GC(978) Garbage Collection (Allocation Rate) 12M(75%)->10M(62%)
[180.676s][info][gc] GC(979) Garbage Collection (Allocation Rate) 12M(75%)->10M(62%)
[180.771s][info][gc] GC(980) Garbage Collection (Allocation Rate) 12M(75%)->10M(62%)
[180.865s][info][gc] GC(981) Garbage Collection (Allocation Rate) 12M(75%)->10M(62%)
[180.975s][info][gc] GC(982) Garbage Collection (Allocation Rate) 12M(75%)->10M(62%)
[181.069s][info][gc] GC(983) Garbage Collection (Allocation Rate) 12M(75%)->10M(62%)
[181.179s][info][gc] GC(984) Garbage Collection (Allocation Rate) 12M(75%)->12M(75%)
[181.271s][info][gc] GC(985) Garbage Collection (Allocation Rate) 12M(75%)->10M(62%)
[181.380s][info][gc] GC(986) Garbage Collection (Allocation Rate) 12M(75%)->10M(62%)
[181.475s][info][gc] GC(987) Garbage Collection (Allocation Rate) 12M(75%)->10M(62%)
[181.568s][info][gc] GC(988) Garbage Collection (Allocation Rate) 12M(75%)->10M(62%)
[181.675s][info][gc] GC(989) Garbage Collection (Allocation Rate) 12M(75%)->10M(62%)
[181.768s][info][gc] GC(990) Garbage Collection (Allocation Rate) 12M(75%)->10M(62%)
[181.879s][info][gc] GC(991) Garbage Collection (Allocation Rate) 12M(75%)->10M(62%)
[181.974s][info][gc] GC(992) Garbage Collection (Allocation Rate) 12M(75%)->10M(62%)
[182.068s][info][gc] GC(993) Garbage Collection (Allocation Rate) 12M(75%)->10M(62%)
[182.177s][info][gc] GC(994) Garbage Collection (Allocation Rate) 12M(75%)->10M(62%)
[182.270s][info][gc] GC(995) Garbage Collection (Allocation Rate) 12M(75%)->10M(62%)
[182.379s][info][gc] GC(996) Garbage Collection (Allocation Rate) 12M(75%)->10M(62%)
[182.473s][info][gc] GC(997) Garbage Collection (Allocation Rate) 12M(75%)->10M(62%)
[182.567s][info][gc] GC(998) Garbage Collection (Allocation Rate) 12M(75%)->10M(62%)
[182.675s][info][gc] GC(999) Garbage Collection (Allocation Rate) 12M(75%)->10M(62%)
[182.769s][info][gc] GC(1000) Garbage Collection (Allocation Rate) 12M(75%)->10M(62%)
[182.879s][info][gc] GC(1001) Garbage Collection (Allocation Rate) 12M(75%)->10M(62%)
[182.973s][info][gc] GC(1002) Garbage Collection (Allocation Rate) 12M(75%)->10M(62%)
[183.080s][info][gc] GC(1003) Garbage Collection (Allocation Rate) 12M(75%)->10M(62%)
[183.174s][info][gc] GC(1004) Garbage Collection (Allocation Rate) 12M(75%)->10M(62%)
[183.269s][info][gc] GC(1005) Garbage Collection (Allocation Rate) 12M(75%)->12M(75%)
[183.378s][info][gc] GC(1006) Garbage Collection (Allocation Rate) 12M(75%)->10M(62%)
[183.471s][info][gc] GC(1007) Garbage Collection (Allocation Rate) 12M(75%)->10M(62%)
[183.566s][info][gc] GC(1008) Garbage Collection (Allocation Rate) 12M(75%)->10M(62%)
[183.676s][info][gc] GC(1009) Garbage Collection (Allocation Rate) 12M(75%)->10M(62%)
[183.771s][info][gc] GC(1010) Garbage Collection (Allocation Rate) 12M(75%)->10M(62%)
[183.866s][info][gc] GC(1011) Garbage Collection (Allocation Rate) 12M(75%)->10M(62%)
[183.974s][info][gc] GC(1012) Garbage Collection (Allocation Rate) 12M(75%)->10M(62%)
[184.069s][info][gc] GC(1013) Garbage Collection (Allocation Rate) 12M(75%)->10M(62%)
[184.178s][info][gc] GC(1014) Garbage Collection (Allocation Rate) 12M(75%)->10M(62%)
[184.272s][info][gc] GC(1015) Garbage Collection (Allocation Rate) 12M(75%)->12M(75%)
[184.381s][info][gc] GC(1016) Garbage Collection (Allocation Rate) 12M(75%)->10M(62%)
[184.477s][info][gc] GC(1017) Garbage Collection (Allocation Rate) 12M(75%)->10M(62%)
[184.572s][info][gc] GC(1018) Garbage Collection (Allocation Rate) 12M(75%)->10M(62%)
[184.667s][info][gc] GC(1019) Garbage Collection (Allocation Rate) 12M(75%)->10M(62%)
[184.777s][info][gc] GC(1020) Garbage Collection (Allocation Rate) 12M(75%)->10M(62%)
[184.871s][info][gc] GC(1021) Garbage Collection (Allocation Rate) 12M(75%)->10M(62%)
[184.967s][info][gc] GC(1022) Garbage Collection (Allocation Rate) 12M(75%)->10M(62%)
[185.075s][info][gc] GC(1023) Garbage Collection (Allocation Rate) 12M(75%)->10M(62%)
[185.169s][info][gc] GC(1024) Garbage Collection (Allocation Rate) 12M(75%)->10M(62%)
[185.280s][info][gc] GC(1025) Garbage Collection (Allocation Rate) 12M(75%)->12M(75%)
[185.374s][info][gc] GC(1026) Garbage Collection (Allocation Rate) 12M(75%)->10M(62%)
[185.467s][info][gc] GC(1027) Garbage Collection (Allocation Rate) 12M(75%)->10M(62%)
[185.578s][info][gc] GC(1028) Garbage Collection (Allocation Rate) 12M(75%)->10M(62%)
[185.672s][info][gc] GC(1029) Garbage Collection (Allocation Rate) 12M(75%)->10M(62%)
[185.766s][info][gc] GC(1030) Garbage Collection (Allocation Rate) 12M(75%)->10M(62%)
[185.875s][info][gc] GC(1031) Garbage Collection (Allocation Rate) 12M(75%)->10M(62%)
[185.970s][info][gc] GC(1032) Garbage Collection (Allocation Rate) 12M(75%)->10M(62%)
[186.079s][info][gc] GC(1033) Garbage Collection (Allocation Rate) 12M(75%)->10M(62%)
[186.172s][info][gc] GC(1034) Garbage Collection (Allocation Rate) 12M(75%)->10M(62%)
[186.280s][info][gc] GC(1035) Garbage Collection (Allocation Rate) 12M(75%)->12M(75%)
[186.374s][info][gc] GC(1036) Garbage Collection (Allocation Rate) 12M(75%)->10M(62%)
[186.467s][info][gc] GC(1037) Garbage Collection (Allocation Rate) 12M(75%)->10M(62%)
[186.576s][info][gc] GC(1038) Garbage Collection (Allocation Rate) 12M(75%)->10M(62%)
[186.669s][info][gc] GC(1039) Garbage Collection (Allocation Rate) 12M(75%)->10M(62%)
[186.780s][info][gc] GC(1040) Garbage Collection (Allocation Rate) 12M(75%)->10M(62%)
[186.875s][info][gc] GC(1041) Garbage Collection (Allocation Rate) 12M(75%)->10M(62%)
[186.969s][info][gc] GC(1042) Garbage Collection (Allocation Rate) 12M(75%)->10M(62%)
[187.078s][info][gc] GC(1043) Garbage Collection (Allocation Rate) 12M(75%)->10M(62%)
[187.171s][info][gc] GC(1044) Garbage Collection (Allocation Rate) 12M(75%)->10M(62%)
[187.279s][info][gc] GC(1045) Garbage Collection (Allocation Rate) 12M(75%)->10M(62%)
[187.374s][info][gc] GC(1046) Garbage Collection (Allocation Rate) 12M(75%)->10M(62%)
[187.466s][info][gc] GC(1047) Garbage Collection (Allocation Rate) 12M(75%)->10M(62%)
[187.577s][info][gc] GC(1048) Garbage Collection (Allocation Rate) 12M(75%)->10M(62%)
[187.669s][info][gc] GC(1049) Garbage Collection (Allocation Rate) 12M(75%)->10M(62%)
[187.779s][info][gc] GC(1050) Garbage Collection (Allocation Rate) 12M(75%)->10M(62%)
[187.872s][info][gc] GC(1051) Garbage Collection (Allocation Rate) 12M(75%)->10M(62%)
[187.967s][info][gc] GC(1052) Garbage Collection (Allocation Rate) 12M(75%)->10M(62%)
[188.076s][info][gc] GC(1053) Garbage Collection (Allocation Rate) 12M(75%)->10M(62%)
[188.168s][info][gc] GC(1054) Garbage Collection (Allocation Rate) 12M(75%)->10M(62%)
[188.279s][info][gc] GC(1055) Garbage Collection (Allocation Rate) 12M(75%)->10M(62%)
[188.373s][info][gc] GC(1056) Garbage Collection (Allocation Rate) 12M(75%)->10M(62%)
[188.467s][info][gc] GC(1057) Garbage Collection (Allocation Rate) 12M(75%)->10M(62%)
[188.577s][info][gc] GC(1058) Garbage Collection (Allocation Rate) 12M(75%)->10M(62%)
[188.670s][info][gc] GC(1059) Garbage Collection (Allocation Rate) 12M(75%)->10M(62%)
[188.779s][info][gc] GC(1060) Garbage Collection (Allocation Rate) 12M(75%)->10M(62%)
[188.872s][info][gc] GC(1061) Garbage Collection (Allocation Rate) 12M(75%)->10M(62%)
[188.965s][info][gc] GC(1062) Garbage Collection (Allocation Rate) 12M(75%)->10M(62%)
[189.076s][info][gc] GC(1063) Garbage Collection (Allocation Rate) 12M(75%)->10M(62%)
[189.170s][info][gc] GC(1064) Garbage Collection (Allocation Rate) 12M(75%)->10M(62%)
[189.281s][info][gc] GC(1065) Garbage Collection (Allocation Rate) 12M(75%)->10M(62%)
[189.373s][info][gc] GC(1066) Garbage Collection (Allocation Rate) 12M(75%)->10M(62%)
[189.466s][info][gc] GC(1067) Garbage Collection (Allocation Rate) 12M(75%)->10M(62%)
[189.575s][info][gc] GC(1068) Garbage Collection (Allocation Rate) 12M(75%)->10M(62%)
[189.668s][info][gc] GC(1069) Garbage Collection (Allocation Rate) 12M(75%)->10M(62%)
[189.778s][info][gc] GC(1070) Garbage Collection (Allocation Rate) 12M(75%)->10M(62%)
[189.872s][info][gc] GC(1071) Garbage Collection (Allocation Rate) 12M(75%)->10M(62%)
[189.981s][info][gc] GC(1072) Garbage Collection (Allocation Rate) 12M(75%)->10M(62%)
[190.077s][info][gc] GC(1073) Garbage Collection (Allocation Rate) 12M(75%)->10M(62%)
[190.169s][info][gc] GC(1074) Garbage Collection (Allocation Rate) 12M(75%)->10M(62%)
[190.280s][info][gc] GC(1075) Garbage Collection (Allocation Rate) 12M(75%)->10M(62%)
[190.373s][info][gc] GC(1076) Garbage Collection (Allocation Rate) 12M(75%)->10M(62%)
[190.468s][info][gc] GC(1077) Garbage Collection (Allocation Rate) 12M(75%)->10M(62%)
[190.574s][info][gc] GC(1078) Garbage Collection (Allocation Rate) 12M(75%)->10M(62%)
[190.667s][info][gc] GC(1079) Garbage Collection (Allocation Rate) 12M(75%)->10M(62%)
[190.777s][info][gc] GC(1080) Garbage Collection (Allocation Rate) 12M(75%)->10M(62%)
[190.874s][info][gc] GC(1081) Garbage Collection (Allocation Rate) 12M(75%)->10M(62%)
[190.967s][info][gc] GC(1082) Garbage Collection (Allocation Rate) 12M(75%)->10M(62%)
[191.077s][info][gc] GC(1083) Garbage Collection (Allocation Rate) 12M(75%)->10M(62%)
[191.171s][info][gc] GC(1084) Garbage Collection (Allocation Rate) 12M(75%)->10M(62%)
[191.281s][info][gc] GC(1085) Garbage Collection (Allocation Rate) 12M(75%)->10M(62%)
[191.376s][info][gc] GC(1086) Garbage Collection (Allocation Rate) 12M(75%)->10M(62%)
[191.469s][info][gc] GC(1087) Garbage Collection (Allocation Rate) 12M(75%)->10M(62%)
[191.579s][info][gc] GC(1088) Garbage Collection (Allocation Rate) 12M(75%)->10M(62%)
[191.674s][info][gc] GC(1089) Garbage Collection (Allocation Rate) 12M(75%)->10M(62%)
[191.766s][info][gc] GC(1090) Garbage Collection (Allocation Rate) 12M(75%)->10M(62%)
[191.877s][info][gc] GC(1091) Garbage Collection (Allocation Rate) 12M(75%)->10M(62%)
[191.973s][info][gc] GC(1092) Garbage Collection (Allocation Rate) 12M(75%)->10M(62%)
[192.082s][info][gc] GC(1093) Garbage Collection (Allocation Rate) 12M(75%)->10M(62%)
[192.175s][info][gc] GC(1094) Garbage Collection (Allocation Rate) 12M(75%)->10M(62%)
[192.270s][info][gc] GC(1095) Garbage Collection (Allocation Rate) 12M(75%)->12M(75%)
[192.379s][info][gc] GC(1096) Garbage Collection (Allocation Rate) 12M(75%)->10M(62%)
[192.473s][info][gc] GC(1097) Garbage Collection (Allocation Rate) 12M(75%)->10M(62%)
[192.568s][info][gc] GC(1098) Garbage Collection (Allocation Rate) 12M(75%)->10M(62%)
[192.677s][info][gc] GC(1099) Garbage Collection (Allocation Rate) 12M(75%)->10M(62%)
[192.772s][info][gc] GC(1100) Garbage Collection (Allocation Rate) 12M(75%)->10M(62%)
[192.868s][info][gc] GC(1101) Garbage Collection (Allocation Rate) 12M(75%)->10M(62%)
[192.977s][info][gc] GC(1102) Garbage Collection (Allocation Rate) 12M(75%)->10M(62%)
[193.069s][info][gc] GC(1103) Garbage Collection (Allocation Rate) 12M(75%)->10M(62%)
[193.182s][info][gc] GC(1104) Garbage Collection (Allocation Rate) 12M(75%)->10M(62%)
[193.276s][info][gc] GC(1105) Garbage Collection (Allocation Rate) 12M(75%)->12M(75%)
[193.370s][info][gc] GC(1106) Garbage Collection (Allocation Rate) 12M(75%)->10M(62%)
[193.480s][info][gc] GC(1107) Garbage Collection (Allocation Rate) 12M(75%)->10M(62%)
[193.573s][info][gc] GC(1108) Garbage Collection (Allocation Rate) 12M(75%)->10M(62%)
[193.667s][info][gc] GC(1109) Garbage Collection (Allocation Rate) 12M(75%)->10M(62%)
[193.778s][info][gc] GC(1110) Garbage Collection (Allocation Rate) 12M(75%)->10M(62%)
[193.874s][info][gc] GC(1111) Garbage Collection (Allocation Rate) 12M(75%)->10M(62%)
[193.969s][info][gc] GC(1112) Garbage Collection (Allocation Rate) 12M(75%)->10M(62%)
[194.077s][info][gc] GC(1113) Garbage Collection (Allocation Rate) 12M(75%)->10M(62%)
[194.170s][info][gc] GC(1114) Garbage Collection (Allocation Rate) 12M(75%)->10M(62%)
[194.281s][info][gc] GC(1115) Garbage Collection (Allocation Rate) 12M(75%)->12M(75%)
[194.375s][info][gc] GC(1116) Garbage Collection (Allocation Rate) 12M(75%)->10M(62%)
[194.465s][info][gc] GC(1117) Garbage Collection (Allocation Rate) 12M(75%)->10M(62%)
[194.576s][info][gc] GC(1118) Garbage Collection (Allocation Rate) 12M(75%)->10M(62%)
[194.669s][info][gc] GC(1119) Garbage Collection (Allocation Rate) 12M(75%)->10M(62%)
[194.777s][info][gc] GC(1120) Garbage Collection (Allocation Rate) 12M(75%)->10M(62%)
[194.870s][info][gc] GC(1121) Garbage Collection (Allocation Rate) 12M(75%)->10M(62%)
[194.980s][info][gc] GC(1122) Garbage Collection (Allocation Rate) 12M(75%)->10M(62%)
[195.077s][info][gc] GC(1123) Garbage Collection (Allocation Rate) 12M(75%)->10M(62%)
[195.169s][info][gc] GC(1124) Garbage Collection (Allocation Rate) 12M(75%)->10M(62%)
[195.277s][info][gc] GC(1125) Garbage Collection (Allocation Rate) 12M(75%)->10M(62%)
[195.371s][info][gc] GC(1126) Garbage Collection (Allocation Rate) 12M(75%)->10M(62%)
[195.479s][info][gc] GC(1127) Garbage Collection (Allocation Rate) 12M(75%)->10M(62%)
[195.573s][info][gc] GC(1128) Garbage Collection (Allocation Rate) 12M(75%)->10M(62%)
[195.667s][info][gc] GC(1129) Garbage Collection (Allocation Rate) 12M(75%)->10M(62%)
[195.775s][info][gc] GC(1130) Garbage Collection (Allocation Rate) 12M(75%)->10M(62%)
[195.868s][info][gc] GC(1131) Garbage Collection (Allocation Rate) 12M(75%)->10M(62%)
[195.979s][info][gc] GC(1132) Garbage Collection (Allocation Rate) 12M(75%)->10M(62%)
[196.074s][info][gc] GC(1133) Garbage Collection (Allocation Rate) 12M(75%)->10M(62%)
[196.166s][info][gc] GC(1134) Garbage Collection (Allocation Rate) 12M(75%)->10M(62%)
[196.277s][info][gc] GC(1135) Garbage Collection (Allocation Rate) 12M(75%)->10M(62%)
[196.371s][info][gc] GC(1136) Garbage Collection (Allocation Rate) 12M(75%)->12M(75%)
[196.465s][info][gc] GC(1137) Garbage Collection (Allocation Rate) 12M(75%)->10M(62%)
[196.575s][info][gc] GC(1138) Garbage Collection (Allocation Rate) 12M(75%)->10M(62%)
[196.668s][info][gc] GC(1139) Garbage Collection (Allocation Rate) 12M(75%)->10M(62%)
[196.780s][info][gc] GC(1140) Garbage Collection (Allocation Rate) 12M(75%)->10M(62%)
[196.875s][info][gc] GC(1141) Garbage Collection (Allocation Rate) 12M(75%)->10M(62%)
[196.970s][info][gc] GC(1142) Garbage Collection (Allocation Rate) 12M(75%)->10M(62%)
[197.076s][info][gc] GC(1143) Garbage Collection (Allocation Rate) 12M(75%)->10M(62%)
[197.169s][info][gc] GC(1144) Garbage Collection (Allocation Rate) 12M(75%)->10M(62%)
[197.279s][info][gc] GC(1145) Garbage Collection (Allocation Rate) 12M(75%)->10M(62%)
[197.375s][info][gc] GC(1146) Garbage Collection (Allocation Rate) 12M(75%)->12M(75%)
[197.469s][info][gc] GC(1147) Garbage Collection (Allocation Rate) 12M(75%)->10M(62%)
[197.577s][info][gc] GC(1148) Garbage Collection (Allocation Rate) 12M(75%)->10M(62%)
[197.672s][info][gc] GC(1149) Garbage Collection (Allocation Rate) 12M(75%)->10M(62%)
[197.766s][info][gc] GC(1150) Garbage Collection (Allocation Rate) 12M(75%)->10M(62%)
[197.876s][info][gc] GC(1151) Garbage Collection (Allocation Rate) 12M(75%)->10M(62%)
[197.973s][info][gc] GC(1152) Garbage Collection (Allocation Rate) 12M(75%)->10M(62%)
[198.067s][info][gc] GC(1153) Garbage Collection (Allocation Rate) 12M(75%)->10M(62%)
[198.175s][info][gc] GC(1154) Garbage Collection (Allocation Rate) 12M(75%)->10M(62%)
[198.270s][info][gc] GC(1155) Garbage Collection (Allocation Rate) 12M(75%)->10M(62%)
[198.380s][info][gc] GC(1156) Garbage Collection (Allocation Rate) 12M(75%)->12M(75%)
[198.475s][info][gc] GC(1157) Garbage Collection (Allocation Rate) 12M(75%)->10M(62%)
[198.571s][info][gc] GC(1158) Garbage Collection (Allocation Rate) 12M(75%)->10M(62%)
[198.681s][info][gc] GC(1159) Garbage Collection (Allocation Rate) 12M(75%)->10M(62%)
[198.775s][info][gc] GC(1160) Garbage Collection (Allocation Rate) 12M(75%)->10M(62%)
[198.870s][info][gc] GC(1161) Garbage Collection (Allocation Rate) 12M(75%)->10M(62%)
[198.979s][info][gc] GC(1162) Garbage Collection (Allocation Rate) 12M(75%)->10M(62%)
[199.073s][info][gc] GC(1163) Garbage Collection (Allocation Rate) 12M(75%)->10M(62%)
[199.167s][info][gc] GC(1164) Garbage Collection (Allocation Rate) 12M(75%)->10M(62%)
[199.277s][info][gc] GC(1165) Garbage Collection (Allocation Rate) 12M(75%)->10M(62%)
[199.372s][info][gc] GC(1166) Garbage Collection (Allocation Rate) 12M(75%)->10M(62%)
[199.466s][info][gc] GC(1167) Garbage Collection (Allocation Rate) 12M(75%)->10M(62%)
[199.577s][info][gc] GC(1168) Garbage Collection (Allocation Rate) 12M(75%)->10M(62%)
[199.670s][info][gc] GC(1169) Garbage Collection (Allocation Rate) 12M(75%)->10M(62%)
[199.781s][info][gc] GC(1170) Garbage Collection (Allocation Rate) 12M(75%)->10M(62%)
[199.873s][info][gc] GC(1171) Garbage Collection (Allocation Rate) 12M(75%)->10M(62%)
[199.968s][info][gc] GC(1172) Garbage Collection (Allocation Rate) 12M(75%)->10M(62%)
[200.079s][info][gc] GC(1173) Garbage Collection (Allocation Rate) 12M(75%)->10M(62%)
[200.173s][info][gc] GC(1174) Garbage Collection (Allocation Rate) 12M(75%)->10M(62%)
[200.267s][info][gc] GC(1175) Garbage Collection (Allocation Rate) 12M(75%)->10M(62%)
[200.378s][info][gc] GC(1176) Garbage Collection (Allocation Rate) 12M(75%)->10M(62%)
[200.472s][info][gc] GC(1177) Garbage Collection (Allocation Rate) 12M(75%)->10M(62%)
[200.581s][info][gc] GC(1178) Garbage Collection (Allocation Rate) 12M(75%)->10M(62%)
[200.676s][info][gc] GC(1179) Garbage Collection (Allocation Rate) 12M(75%)->10M(62%)
[200.770s][info][gc] GC(1180) Garbage Collection (Allocation Rate) 12M(75%)->10M(62%)
[200.879s][info][gc] GC(1181) Garbage Collection (Allocation Rate) 12M(75%)->10M(62%)
[200.975s][info][gc] GC(1182) Garbage Collection (Allocation Rate) 12M(75%)->10M(62%)
[201.071s][info][gc] GC(1183) Garbage Collection (Allocation Rate) 12M(75%)->10M(62%)
[201.179s][info][gc] GC(1184) Garbage Collection (Allocation Rate) 12M(75%)->10M(62%)
[201.273s][info][gc] GC(1185) Garbage Collection (Allocation Rate) 12M(75%)->10M(62%)
[201.368s][info][gc] GC(1186) Garbage Collection (Allocation Rate) 12M(75%)->10M(62%)
[201.479s][info][gc] GC(1187) Garbage Collection (Allocation Rate) 12M(75%)->10M(62%)
[201.571s][info][gc] GC(1188) Garbage Collection (Allocation Rate) 12M(75%)->10M(62%)
[201.667s][info][gc] GC(1189) Garbage Collection (Allocation Rate) 12M(75%)->10M(62%)
[201.778s][info][gc] GC(1190) Garbage Collection (Allocation Rate) 12M(75%)->10M(62%)
[201.872s][info][gc] GC(1191) Garbage Collection (Allocation Rate) 12M(75%)->10M(62%)
[201.980s][info][gc] GC(1192) Garbage Collection (Allocation Rate) 12M(75%)->10M(62%)
[202.073s][info][gc] GC(1193) Garbage Collection (Allocation Rate) 12M(75%)->10M(62%)
[202.168s][info][gc] GC(1194) Garbage Collection (Allocation Rate) 12M(75%)->10M(62%)
[202.276s][info][gc] GC(1195) Garbage Collection (Allocation Rate) 12M(75%)->10M(62%)
[202.370s][info][gc] GC(1196) Garbage Collection (Allocation Rate) 12M(75%)->10M(62%)
[202.479s][info][gc] GC(1197) Garbage Collection (Allocation Rate) 12M(75%)->10M(62%)
[202.574s][info][gc] GC(1198) Garbage Collection (Allocation Rate) 12M(75%)->10M(62%)
[202.668s][info][gc] GC(1199) Garbage Collection (Allocation Rate) 12M(75%)->10M(62%)
[202.777s][info][gc] GC(1200) Garbage Collection (Allocation Rate) 12M(75%)->10M(62%)
[202.871s][info][gc] GC(1201) Garbage Collection (Allocation Rate) 12M(75%)->10M(62%)
[202.981s][info][gc] GC(1202) Garbage Collection (Allocation Rate) 12M(75%)->10M(62%)
[203.074s][info][gc] GC(1203) Garbage Collection (Allocation Rate) 12M(75%)->10M(62%)
[203.169s][info][gc] GC(1204) Garbage Collection (Allocation Rate) 12M(75%)->10M(62%)
[203.276s][info][gc] GC(1205) Garbage Collection (Allocation Rate) 12M(75%)->10M(62%)
[203.369s][info][gc] GC(1206) Garbage Collection (Allocation Rate) 12M(75%)->10M(62%)
[203.477s][info][gc] GC(1207) Garbage Collection (Allocation Rate) 12M(75%)->10M(62%)
[203.571s][info][gc] GC(1208) Garbage Collection (Allocation Rate) 12M(75%)->10M(62%)
[203.681s][info][gc] GC(1209) Garbage Collection (Allocation Rate) 12M(75%)->10M(62%)
[203.775s][info][gc] GC(1210) Garbage Collection (Allocation Rate) 12M(75%)->10M(62%)
[203.869s][info][gc] GC(1211) Garbage Collection (Allocation Rate) 12M(75%)->10M(62%)
[203.979s][info][gc] GC(1212) Garbage Collection (Allocation Rate) 12M(75%)->10M(62%)
[204.073s][info][gc] GC(1213) Garbage Collection (Allocation Rate) 12M(75%)->10M(62%)
[204.180s][info][gc] GC(1214) Garbage Collection (Allocation Rate) 12M(75%)->10M(62%)
[204.272s][info][gc] GC(1215) Garbage Collection (Allocation Rate) 12M(75%)->10M(62%)
[204.380s][info][gc] GC(1216) Garbage Collection (Allocation Rate) 12M(75%)->10M(62%)
[204.473s][info][gc] GC(1217) Garbage Collection (Allocation Rate) 12M(75%)->10M(62%)
[204.568s][info][gc] GC(1218) Garbage Collection (Allocation Rate) 12M(75%)->10M(62%)
[204.678s][info][gc] GC(1219) Garbage Collection (Allocation Rate) 12M(75%)->10M(62%)
[204.772s][info][gc] GC(1220) Garbage Collection (Allocation Rate) 12M(75%)->10M(62%)
[204.867s][info][gc] GC(1221) Garbage Collection (Allocation Rate) 12M(75%)->10M(62%)
[204.977s][info][gc] GC(1222) Garbage Collection (Allocation Rate) 12M(75%)->10M(62%)
[205.072s][info][gc] GC(1223) Garbage Collection (Allocation Rate) 12M(75%)->10M(62%)
[205.168s][info][gc] GC(1224) Garbage Collection (Allocation Rate) 12M(75%)->10M(62%)
[205.276s][info][gc] GC(1225) Garbage Collection (Allocation Rate) 12M(75%)->10M(62%)
[205.372s][info][gc] GC(1226) Garbage Collection (Allocation Rate) 12M(75%)->12M(75%)
[205.466s][info][gc] GC(1227) Garbage Collection (Allocation Rate) 12M(75%)->10M(62%)
[205.575s][info][gc] GC(1228) Garbage Collection (Allocation Rate) 12M(75%)->10M(62%)
[205.669s][info][gc] GC(1229) Garbage Collection (Allocation Rate) 12M(75%)->10M(62%)
[205.779s][info][gc] GC(1230) Garbage Collection (Allocation Rate) 12M(75%)->10M(62%)
[205.873s][info][gc] GC(1231) Garbage Collection (Allocation Rate) 12M(75%)->10M(62%)
[205.968s][info][gc] GC(1232) Garbage Collection (Allocation Rate) 12M(75%)->10M(62%)
[206.079s][info][gc] GC(1233) Garbage Collection (Allocation Rate) 12M(75%)->10M(62%)
[206.173s][info][gc] GC(1234) Garbage Collection (Allocation Rate) 12M(75%)->10M(62%)
[206.267s][info][gc] GC(1235) Garbage Collection (Allocation Rate) 12M(75%)->10M(62%)
[206.379s][info][gc] GC(1236) Garbage Collection (Allocation Rate) 12M(75%)->12M(75%)
[206.472s][info][gc] GC(1237) Garbage Collection (Allocation Rate) 12M(75%)->10M(62%)
[206.567s][info][gc] GC(1238) Garbage Collection (Allocation Rate) 12M(75%)->10M(62%)
[206.678s][info][gc] GC(1239) Garbage Collection (Allocation Rate) 12M(75%)->10M(62%)
[206.772s][info][gc] GC(1240) Garbage Collection (Allocation Rate) 12M(75%)->10M(62%)
[206.867s][info][gc] GC(1241) Garbage Collection (Allocation Rate) 12M(75%)->10M(62%)
[206.977s][info][gc] GC(1242) Garbage Collection (Allocation Rate) 12M(75%)->10M(62%)
[207.068s][info][gc] GC(1243) Garbage Collection (Allocation Rate) 12M(75%)->10M(62%)
[207.178s][info][gc] GC(1244) Garbage Collection (Allocation Rate) 12M(75%)->10M(62%)
[207.272s][info][gc] GC(1245) Garbage Collection (Allocation Rate) 12M(75%)->10M(62%)
[207.366s][info][gc] GC(1246) Garbage Collection (Allocation Rate) 12M(75%)->10M(62%)
[207.479s][info][gc] GC(1247) Garbage Collection (Allocation Rate) 12M(75%)->10M(62%)
[207.572s][info][gc] GC(1248) Garbage Collection (Allocation Rate) 12M(75%)->10M(62%)
[207.666s][info][gc] GC(1249) Garbage Collection (Allocation Rate) 12M(75%)->10M(62%)
[207.776s][info][gc] GC(1250) Garbage Collection (Allocation Rate) 12M(75%)->10M(62%)
[207.869s][info][gc] GC(1251) Garbage Collection (Allocation Rate) 12M(75%)->10M(62%)
[207.980s][info][gc] GC(1252) Garbage Collection (Allocation Rate) 12M(75%)->10M(62%)
[208.072s][info][gc] GC(1253) Garbage Collection (Allocation Rate) 12M(75%)->10M(62%)
[208.181s][info][gc] GC(1254) Garbage Collection (Allocation Rate) 12M(75%)->10M(62%)
[208.274s][info][gc] GC(1255) Garbage Collection (Allocation Rate) 12M(75%)->10M(62%)
[208.369s][info][gc] GC(1256) Garbage Collection (Allocation Rate) 12M(75%)->10M(62%)
[208.479s][info][gc] GC(1257) Garbage Collection (Allocation Rate) 12M(75%)->10M(62%)
[208.573s][info][gc] GC(1258) Garbage Collection (Allocation Rate) 12M(75%)->10M(62%)
[208.669s][info][gc] GC(1259) Garbage Collection (Allocation Rate) 12M(75%)->10M(62%)
[208.781s][info][gc] GC(1260) Garbage Collection (Allocation Rate) 12M(75%)->10M(62%)
[208.877s][info][gc] GC(1261) Garbage Collection (Allocation Rate) 12M(75%)->10M(62%)
[208.973s][info][gc] GC(1262) Garbage Collection (Allocation Rate) 12M(75%)->10M(62%)
[209.065s][info][gc] GC(1263) Garbage Collection (Allocation Rate) 12M(75%)->10M(62%)
[209.175s][info][gc] GC(1264) Garbage Collection (Allocation Rate) 12M(75%)->10M(62%)
[209.269s][info][gc] GC(1265) Garbage Collection (Allocation Rate) 12M(75%)->10M(62%)
[209.380s][info][gc] GC(1266) Garbage Collection (Allocation Rate) 12M(75%)->10M(62%)
[209.475s][info][gc] GC(1267) Garbage Collection (Allocation Rate) 12M(75%)->10M(62%)
[209.571s][info][gc] GC(1268) Garbage Collection (Allocation Rate) 12M(75%)->10M(62%)
[209.681s][info][gc] GC(1269) Garbage Collection (Allocation Rate) 12M(75%)->10M(62%)
[209.776s][info][gc] GC(1270) Garbage Collection (Allocation Rate) 12M(75%)->10M(62%)
[209.871s][info][gc] GC(1271) Garbage Collection (Allocation Rate) 12M(75%)->10M(62%)
[209.978s][info][gc] GC(1272) Garbage Collection (Allocation Rate) 12M(75%)->10M(62%)
[210.072s][info][gc] GC(1273) Garbage Collection (Allocation Rate) 12M(75%)->10M(62%)
[210.180s][info][gc] GC(1274) Garbage Collection (Allocation Rate) 12M(75%)->10M(62%)
[210.276s][info][gc] GC(1275) Garbage Collection (Allocation Rate) 12M(75%)->10M(62%)
[210.369s][info][gc] GC(1276) Garbage Collection (Allocation Rate) 12M(75%)->10M(62%)
[210.480s][info][gc] GC(1277) Garbage Collection (Allocation Rate) 12M(75%)->10M(62%)
[210.573s][info][gc] GC(1278) Garbage Collection (Allocation Rate) 12M(75%)->10M(62%)
[210.667s][info][gc] GC(1279) Garbage Collection (Allocation Rate) 12M(75%)->10M(62%)
[210.777s][info][gc] GC(1280) Garbage Collection (Allocation Rate) 12M(75%)->10M(62%)
[210.871s][info][gc] GC(1281) Garbage Collection (Allocation Rate) 12M(75%)->10M(62%)
[210.966s][info][gc] GC(1282) Garbage Collection (Allocation Rate) 12M(75%)->10M(62%)
[211.075s][info][gc] GC(1283) Garbage Collection (Allocation Rate) 12M(75%)->10M(62%)
[211.171s][info][gc] GC(1284) Garbage Collection (Allocation Rate) 12M(75%)->10M(62%)
[211.266s][info][gc] GC(1285) Garbage Collection (Allocation Rate) 12M(75%)->10M(62%)
[211.377s][info][gc] GC(1286) Garbage Collection (Allocation Rate) 12M(75%)->10M(62%)
[211.471s][info][gc] GC(1287) Garbage Collection (Allocation Rate) 12M(75%)->12M(75%)
[211.579s][info][gc] GC(1288) Garbage Collection (Allocation Rate) 12M(75%)->10M(62%)
[211.673s][info][gc] GC(1289) Garbage Collection (Allocation Rate) 12M(75%)->10M(62%)
[211.768s][info][gc] GC(1290) Garbage Collection (Allocation Rate) 12M(75%)->10M(62%)
[211.879s][info][gc] GC(1291) Garbage Collection (Allocation Rate) 12M(75%)->10M(62%)
[211.973s][info][gc] GC(1292) Garbage Collection (Allocation Rate) 12M(75%)->10M(62%)
[212.066s][info][gc] GC(1293) Garbage Collection (Allocation Rate) 12M(75%)->10M(62%)
[212.175s][info][gc] GC(1294) Garbage Collection (Allocation Rate) 12M(75%)->10M(62%)
[212.270s][info][gc] GC(1295) Garbage Collection (Allocation Rate) 12M(75%)->10M(62%)
[212.379s][info][gc] GC(1296) Garbage Collection (Allocation Rate) 12M(75%)->10M(62%)
[212.474s][info][gc] GC(1297) Garbage Collection (Allocation Rate) 12M(75%)->12M(75%)
[212.570s][info][gc] GC(1298) Garbage Collection (Allocation Rate) 12M(75%)->10M(62%)
[212.681s][info][gc] GC(1299) Garbage Collection (Allocation Rate) 12M(75%)->10M(62%)
[212.776s][info][gc] GC(1300) Garbage Collection (Allocation Rate) 12M(75%)->10M(62%)
[212.871s][info][gc] GC(1301) Garbage Collection (Allocation Rate) 12M(75%)->10M(62%)
[212.978s][info][gc] GC(1302) Garbage Collection (Allocation Rate) 12M(75%)->10M(62%)
[213.073s][info][gc] GC(1303) Garbage Collection (Allocation Rate) 12M(75%)->10M(62%)
[213.168s][info][gc] GC(1304) Garbage Collection (Allocation Rate) 12M(75%)->10M(62%)
[213.278s][info][gc] GC(1305) Garbage Collection (Allocation Rate) 12M(75%)->10M(62%)
[213.371s][info][gc] GC(1306) Garbage Collection (Allocation Rate) 12M(75%)->10M(62%)
[213.481s][info][gc] GC(1307) Garbage Collection (Allocation Rate) 12M(75%)->12M(75%)
[213.575s][info][gc] GC(1308) Garbage Collection (Allocation Rate) 12M(75%)->10M(62%)
[213.669s][info][gc] GC(1309) Garbage Collection (Allocation Rate) 12M(75%)->10M(62%)
[213.777s][info][gc] GC(1310) Garbage Collection (Allocation Rate) 12M(75%)->10M(62%)
[213.873s][info][gc] GC(1311) Garbage Collection (Allocation Rate) 12M(75%)->10M(62%)
[213.967s][info][gc] GC(1312) Garbage Collection (Allocation Rate) 12M(75%)->10M(62%)
[214.077s][info][gc] GC(1313) Garbage Collection (Allocation Rate) 12M(75%)->10M(62%)
[214.171s][info][gc] GC(1314) Garbage Collection (Allocation Rate) 12M(75%)->10M(62%)
[214.279s][info][gc] GC(1315) Garbage Collection (Allocation Rate) 12M(75%)->10M(62%)
[214.375s][info][gc] GC(1316) Garbage Collection (Allocation Rate) 12M(75%)->10M(62%)
[214.469s][info][gc] GC(1317) Garbage Collection (Allocation Rate) 12M(75%)->10M(62%)
[214.579s][info][gc] GC(1318) Garbage Collection (Allocation Rate) 12M(75%)->10M(62%)
[214.675s][info][gc] GC(1319) Garbage Collection (Allocation Rate) 12M(75%)->10M(62%)
[214.771s][info][gc] GC(1320) Garbage Collection (Allocation Rate) 12M(75%)->10M(62%)
[214.865s][info][gc] GC(1321) Garbage Collection (Allocation Rate) 12M(75%)->10M(62%)
[214.975s][info][gc] GC(1322) Garbage Collection (Allocation Rate) 12M(75%)->10M(62%)
[215.070s][info][gc] GC(1323) Garbage Collection (Allocation Rate) 12M(75%)->10M(62%)
[215.179s][info][gc] GC(1324) Garbage Collection (Allocation Rate) 12M(75%)->10M(62%)
[215.275s][info][gc] GC(1325) Garbage Collection (Allocation Rate) 12M(75%)->10M(62%)
[215.369s][info][gc] GC(1326) Garbage Collection (Allocation Rate) 12M(75%)->10M(62%)
[215.480s][info][gc] GC(1327) Garbage Collection (Allocation Rate) 12M(75%)->10M(62%)
[215.575s][info][gc] GC(1328) Garbage Collection (Allocation Rate) 12M(75%)->10M(62%)
[215.671s][info][gc] GC(1329) Garbage Collection (Allocation Rate) 12M(75%)->10M(62%)
[215.780s][info][gc] GC(1330) Garbage Collection (Allocation Rate) 12M(75%)->10M(62%)
[215.874s][info][gc] GC(1331) Garbage Collection (Allocation Rate) 12M(75%)->10M(62%)
[215.967s][info][gc] GC(1332) Garbage Collection (Allocation Rate) 12M(75%)->10M(62%)
[216.077s][info][gc] GC(1333) Garbage Collection (Allocation Rate) 12M(75%)->10M(62%)
[216.171s][info][gc] GC(1334) Garbage Collection (Allocation Rate) 12M(75%)->10M(62%)
[216.280s][info][gc] GC(1335) Garbage Collection (Allocation Rate) 12M(75%)->10M(62%)
[216.375s][info][gc] GC(1336) Garbage Collection (Allocation Rate) 12M(75%)->10M(62%)
[216.468s][info][gc] GC(1337) Garbage Collection (Allocation Rate) 12M(75%)->10M(62%)
[216.579s][info][gc] GC(1338) Garbage Collection (Allocation Rate) 12M(75%)->10M(62%)
[216.672s][info][gc] GC(1339) Garbage Collection (Allocation Rate) 12M(75%)->10M(62%)
[216.768s][info][gc] GC(1340) Garbage Collection (Allocation Rate) 12M(75%)->10M(62%)
[216.880s][info][gc] GC(1341) Garbage Collection (Allocation Rate) 12M(75%)->10M(62%)
[216.974s][info][gc] GC(1342) Garbage Collection (Allocation Rate) 12M(75%)->10M(62%)
[217.068s][info][gc] GC(1343) Garbage Collection (Allocation Rate) 12M(75%)->10M(62%)
[217.176s][info][gc] GC(1344) Garbage Collection (Allocation Rate) 12M(75%)->10M(62%)
[217.271s][info][gc] GC(1345) Garbage Collection (Allocation Rate) 12M(75%)->10M(62%)
[217.381s][info][gc] GC(1346) Garbage Collection (Allocation Rate) 12M(75%)->10M(62%)
[217.481s][info][gc] GC(1347) Garbage Collection (Allocation Rate) 12M(75%)->10M(62%)
[217.572s][info][gc] GC(1348) Garbage Collection (Allocation Rate) 12M(75%)->10M(62%)
[217.681s][info][gc] GC(1349) Garbage Collection (Allocation Rate) 12M(75%)->10M(62%)
[217.777s][info][gc] GC(1350) Garbage Collection (Allocation Rate) 12M(75%)->10M(62%)
[217.869s][info][gc] GC(1351) Garbage Collection (Allocation Rate) 12M(75%)->10M(62%)
[217.980s][info][gc] GC(1352) Garbage Collection (Allocation Rate) 12M(75%)->10M(62%)
[218.075s][info][gc] GC(1353) Garbage Collection (Allocation Rate) 12M(75%)->10M(62%)
[218.168s][info][gc] GC(1354) Garbage Collection (Allocation Rate) 12M(75%)->10M(62%)
[218.278s][info][gc] GC(1355) Garbage Collection (Allocation Rate) 12M(75%)->10M(62%)
[218.373s][info][gc] GC(1356) Garbage Collection (Allocation Rate) 12M(75%)->10M(62%)
[218.468s][info][gc] GC(1357) Garbage Collection (Allocation Rate) 12M(75%)->10M(62%)
